  radius disagreement 100% on instance 0: distance transform 0.00mm vs frontier 8.53mm
  radius disagreement 51% on instance 1: distance transform 1.98mm vs frontier 4.06mm
  radius disagreement 80% on instance 2: distance transform 1.51mm vs frontier 7.42mm
  radius disagreement 80% on instance 7: distance transform 0.55mm vs frontier 2.78mm
  radius disagreement 84% on instance 11: distance transform 0.40mm vs frontier 2.49mm
lumen HU median=399 p25=392 p75=406 contrast_enhanced=True
components kept=1 dropped=0 caps=2 surface_points=18352
flood: T=166HU (0.416 x lumen ref 399HU) retries=5 leak=none growth=1.25 reached=25678
  search: 0.400->LEAK:growth 0.650->ok 0.525->ok 0.463->ok 0.431->ok 0.416->ok
components=14 candidates=14 neck=2.0mm rejected: no_contact_patch=0 end_cap=0 aortic_continuation=0 too_short=0
instances=15 from 14 candidates (split_components=1 absorbed_narrow_pieces=1 instance_too_short=0)
  # 0 comp=1 len=15.0mm traced=9.1mm (max_length) ostium=(9.5,-0.1,5.2) patch=92mm2 disagree=11.5mm r=8.53mm (dt=0.00 frontier=8.53 MISMATCH) vness=3.27e-07
  # 1 comp=12 len=15.0mm traced=9.2mm (max_length) ostium=(27.1,-0.1,132.4) patch=20mm2 disagree=1.5mm r=4.06mm (dt=1.98 frontier=4.06 vesselness=2.22 MISMATCH) vness=2.91e-07 split=disjoint_patches shares=#2@2.7mm
  # 2 comp=12 len=15.0mm traced=9.6mm (max_length) ostium=(30.3,-0.1,142.8) patch=85mm2 disagree=5.2mm r=7.42mm (dt=1.51 frontier=7.42 MISMATCH) vness=2.91e-07 split=disjoint_patches shares=#1@2.7mm
  # 3 comp=3 len=15.0mm traced=9.6mm (max_length) ostium=(3.1,7.9,45.2) patch=40mm2 disagree=3.1mm r=4.02mm (dt=3.17 frontier=4.02 vesselness=3.33) vness=3.25e-05
  # 4 comp=10 len=15.0mm traced=9.7mm (max_length) ostium=(2.3,-6.5,94.0) patch=58mm2 disagree=2.1mm r=3.39mm (dt=2.77 frontier=3.39 vesselness=3.33) vness=3.33e-05
  # 5 comp=2 len=15.0mm traced=9.9mm (max_length) ostium=(-8.1,2.3,30.8) patch=42mm2 disagree=2.6mm r=3.48mm (dt=2.69 frontier=3.48 vesselness=3.33) vness=4e-05
  # 6 comp=7 len=15.0mm traced=9.2mm (max_length) ostium=(1.5,-6.5,83.6) patch=52mm2 disagree=3.5mm r=3.03mm (dt=2.52 frontier=3.03 vesselness=2.22) vness=4.74e-05
  # 7 comp=6 len=15.0mm traced=9.7mm (max_length) ostium=(-0.9,4.7,75.6) patch=58mm2 disagree=4.1mm r=2.78mm (dt=0.55 frontier=2.78 vesselness=1.48 MISMATCH) vness=3.87e-05
  # 8 comp=5 len=15.0mm traced=9.5mm (max_length) ostium=(-0.1,7.9,66.8) patch=43mm2 disagree=2.6mm r=2.91mm (dt=2.40 frontier=2.91 vesselness=2.22) vness=4.16e-05
  # 9 comp=11 len=15.0mm traced=9.9mm (max_length) ostium=(3.9,2.3,111.6) patch=43mm2 disagree=3.1mm r=2.94mm (dt=2.09 frontier=2.94 vesselness=2.22) vness=4.35e-05
  #10 comp=8 len=15.0mm traced=9.6mm (max_length) ostium=(10.3,-8.1,92.4) patch=20mm2 disagree=5.3mm r=2.74mm (dt=1.92 frontier=2.74 vesselness=2.22) vness=3.94e-05
  #11 comp=14 len=15.0mm traced=9.4mm (max_length) ostium=(8.7,-1.7,130.0) patch=33mm2 disagree=4.1mm r=2.49mm (dt=0.40 frontier=2.49 MISMATCH) vness=4.23e-05
  #12 comp=13 len=15.0mm traced=9.5mm (max_length) ostium=(5.5,3.1,121.2) patch=35mm2 disagree=2.6mm r=2.21mm (dt=1.73 frontier=2.21 vesselness=2.22) vness=3.57e-05
  #13 comp=4 len=15.0mm traced=9.5mm (max_length) ostium=(-4.9,-3.3,53.2) patch=22mm2 disagree=2.6mm r=1.98mm (dt=1.70 frontier=1.98 vesselness=1.48) vness=4.56e-05
  #14 comp=9 len=11.1mm traced=9.1mm (max_length) ostium=(5.5,-8.1,93.2) patch=6mm2 disagree=6.0mm r=1.59mm (dt=1.22 frontier=1.59 vesselness=1.48) vness=6.79e-05
timings: load_and_prepare_s=0.1s geometry_s=0.5s flood_s=0.8s candidates_s=2.2s parentage_s=0.1s tracing_s=0.7s
scoring: 15 instances, confidence threshold=0.50
  instance=  0 comp=1 confidence=0.03 status=BELOW_THRESHOLD (confidence 0.03 < 0.50)
  instance=  1 comp=12 confidence=0.41 status=BELOW_THRESHOLD (confidence 0.41 < 0.50)
  instance=  2 comp=12 confidence=0.11 status=BELOW_THRESHOLD (confidence 0.11 < 0.50)
  instance=  3 comp=3 confidence=0.77 status=KEPT
  instance=  4 comp=10 confidence=0.98 status=KEPT
  instance=  5 comp=2 confidence=0.91 status=KEPT
  instance=  6 comp=7 confidence=0.94 status=KEPT
  instance=  7 comp=6 confidence=0.92 status=KEPT
  instance=  8 comp=5 confidence=0.98 status=KEPT
  instance=  9 comp=11 confidence=0.96 status=KEPT
  instance= 10 comp=8 confidence=0.76 status=KEPT
  instance= 11 comp=14 confidence=0.92 status=KEPT
  instance= 12 comp=13 confidence=0.98 status=KEPT
  instance= 13 comp=4 confidence=0.98 status=KEPT
  instance= 14 comp=9 confidence=0.85 status=KEPT
kept 12/15 as daughters
