  radius disagreement 86% on instance 0: distance transform 0.53mm vs frontier 3.67mm
  radius disagreement 89% on instance 1: distance transform 0.40mm vs frontier 3.80mm
lumen HU median=249 p25=238 p75=260 contrast_enhanced=True
components kept=1 dropped=0 caps=2 surface_points=17712
flood: T=150HU (0.603 x lumen ref 249HU) retries=6 leak=none growth=1.21 reached=8077
  search: 0.400->LEAK:growth 0.650->ok 0.525->LEAK:growth 0.588->LEAK:growth 0.619->ok 0.603->ok
  bone descent (ceiling 288HU, excised 0 voxels in 0 components): 0.578->LEAK:growth
components=10 candidates=10 neck=2.0mm rejected: no_contact_patch=0 end_cap=0 aortic_continuation=0 too_short=0
instances=10 from 10 candidates (split_components=0 absorbed_narrow_pieces=1 instance_too_short=0)
  # 0 comp=10 len=15.0mm traced=2.7mm (bifurcation@3.4mm) ostium=(30.2,-0.2,143.6) patch=26mm2 disagree=5.8mm r=3.67mm (dt=0.53 frontier=3.67 vesselness=1.48 MISMATCH) vness=2.42e-07
  # 1 comp=1 len=15.0mm traced=2.8mm (bifurcation@3.4mm) ostium=(8.6,-0.2,1.2) patch=29mm2 disagree=5.4mm r=3.80mm (dt=0.40 frontier=3.80 MISMATCH) vness=2.57e-07
  # 2 comp=7 len=15.0mm traced=9.7mm (max_length) ostium=(2.2,-5.8,94.0) patch=54mm2 disagree=3.6mm r=3.38mm (dt=2.58 frontier=3.38 vesselness=3.33) vness=3.77e-05
  # 3 comp=3 len=15.0mm traced=9.9mm (max_length) ostium=(3.8,8.6,44.4) patch=43mm2 disagree=2.7mm r=3.64mm (dt=2.90 frontier=3.64 vesselness=3.33) vness=3.49e-05
  # 4 comp=4 len=15.0mm traced=9.2mm (max_length) ostium=(-5.8,-2.6,53.2) patch=49mm2 disagree=2.4mm r=3.37mm (dt=2.84 frontier=3.37 vesselness=3.33) vness=3.78e-05
  # 5 comp=6 len=15.0mm traced=9.6mm (max_length) ostium=(10.2,-8.2,92.4) patch=18mm2 disagree=3.1mm r=2.62mm (dt=1.95 frontier=2.62 vesselness=2.22) vness=0.000103
  # 6 comp=2 len=15.0mm traced=9.6mm (max_length) ostium=(-7.4,1.4,30.0) patch=19mm2 disagree=3.4mm r=2.46mm (dt=1.82 frontier=2.46 vesselness=2.22) vness=0.000121
  # 7 comp=9 len=15.0mm traced=9.9mm (max_length) ostium=(3.8,2.2,111.6) patch=12mm2 disagree=2.5mm r=1.78mm (dt=1.37 frontier=1.78 vesselness=1.48) vness=0.000155
  # 8 comp=5 len=14.9mm traced=9.2mm (max_length) ostium=(-1.0,5.4,75.6) patch=9mm2 disagree=2.5mm r=1.43mm (dt=0.89 frontier=1.43 vesselness=1.48) vness=0.000154
  # 9 comp=8 len=14.9mm traced=9.2mm (max_length) ostium=(6.2,-8.2,93.2) patch=6mm2 disagree=2.6mm r=1.28mm (dt=1.17 frontier=1.28 vesselness=1.48) vness=0.00028
timings: load_and_prepare_s=0.3s geometry_s=0.4s flood_s=0.9s candidates_s=1.2s parentage_s=0.0s tracing_s=0.3s
scoring: 10 instances, confidence threshold=0.50
  instance=  0 comp=10 confidence=0.00 status=VETOED (traced length 2.7mm < 5mm)
  instance=  1 comp=1 confidence=0.00 status=VETOED (traced length 2.8mm < 5mm)
  instance=  2 comp=7 confidence=0.93 status=KEPT
  instance=  3 comp=3 confidence=0.87 status=KEPT
  instance=  4 comp=4 confidence=0.97 status=KEPT
  instance=  5 comp=6 confidence=0.83 status=KEPT
  instance=  6 comp=2 confidence=0.86 status=KEPT
  instance=  7 comp=9 confidence=0.98 status=KEPT
  instance=  8 comp=5 confidence=0.98 status=KEPT
  instance=  9 comp=8 confidence=0.88 status=KEPT
kept 8/10 as daughters
