lumen HU median=399 p25=386 p75=412 contrast_enhanced=True
components kept=1 dropped=0 caps=2 surface_points=17712
flood: T=160HU (0.400 x lumen ref 399HU) retries=0 leak=none growth=0.62 reached=3348
  search: 0.400->ok
components=6 candidates=6 neck=2.0mm rejected: no_contact_patch=0 end_cap=0 aortic_continuation=0 too_short=0
instances=6 from 6 candidates (split_components=0 absorbed_narrow_pieces=0 instance_too_short=0)
  # 0 comp=2 len=15.0mm traced=9.9mm (max_length) ostium=(3.8,8.6,44.4) patch=43mm2 disagree=2.7mm r=3.64mm (dt=3.22 frontier=3.64 vesselness=3.33) vness=4.68e-05
  # 1 comp=1 len=15.0mm traced=9.6mm (max_length) ostium=(-7.4,1.4,30.0) patch=41mm2 disagree=3.4mm r=3.39mm (dt=2.92 frontier=3.39 vesselness=3.33) vness=5.81e-05
  # 2 comp=4 len=15.0mm traced=9.7mm (max_length) ostium=(-1.0,5.4,75.6) patch=35mm2 disagree=4.2mm r=2.71mm (dt=2.29 frontier=2.71 vesselness=2.22) vness=0.000111
  # 3 comp=5 len=14.0mm traced=9.2mm (max_length) ostium=(8.6,7.8,107.6) patch=29mm2 disagree=3.0mm r=2.50mm (dt=2.27 frontier=2.50 vesselness=2.22) vness=6.96e-05
  # 4 comp=6 len=14.2mm traced=9.2mm (max_length) ostium=(12.6,8.6,122.0) patch=14mm2 disagree=5.4mm r=1.59mm (dt=1.13 frontier=1.59 vesselness=1.48) vness=6.2e-06
  # 5 comp=3 len=14.8mm traced=9.0mm (max_length) ostium=(-5.8,-2.6,53.2) patch=6mm2 disagree=1.9mm r=1.03mm (dt=1.17 frontier=1.03 vesselness=1.48) vness=0.000433
timings: load_and_prepare_s=0.3s geometry_s=0.4s flood_s=0.2s candidates_s=0.5s parentage_s=0.0s tracing_s=0.2s
scoring: 6 instances, confidence threshold=0.50
  instance=  0 comp=2 confidence=0.87 status=KEPT
  instance=  1 comp=1 confidence=0.89 status=KEPT
  instance=  2 comp=4 confidence=0.92 status=KEPT
  instance=  3 comp=5 confidence=0.96 status=KEPT
  instance=  4 comp=6 confidence=0.60 status=KEPT
  instance=  5 comp=3 confidence=1.00 status=KEPT
kept 6/6 as daughters
