  radius disagreement 74% on instance 0: distance transform 0.65mm vs frontier 2.50mm
  radius disagreement 62% on instance 2: distance transform 0.72mm vs frontier 1.89mm
lumen HU median=399 p25=386 p75=412 contrast_enhanced=True
components kept=1 dropped=0 caps=2 surface_points=17712
flood: T=234HU (0.588 x lumen ref 399HU) retries=6 leak=none growth=1.23 reached=6836
  search: 0.400->LEAK:growth 0.650->ok 0.525->LEAK:growth 0.588->ok 0.556->LEAK:growth 0.572->LEAK:growth
  bone descent (ceiling 443HU, excised 0 voxels in 0 components): 0.562->LEAK:growth
components=13 candidates=13 neck=2.0mm rejected: no_contact_patch=0 end_cap=0 aortic_continuation=0 too_short=0
instances=13 from 13 candidates (split_components=0 absorbed_narrow_pieces=2 instance_too_short=0)
  # 0 comp=12 len=14.9mm traced=2.5mm (bifurcation@3.4mm) ostium=(30.2,-0.2,144.4) patch=20mm2 disagree=2.6mm r=2.50mm (dt=0.65 frontier=2.50 MISMATCH) vness=2.59e-07 seed<5mm
  # 1 comp=3 len=15.0mm traced=9.9mm (max_length) ostium=(3.8,8.6,44.4) patch=43mm2 disagree=2.7mm r=3.64mm (dt=2.89 frontier=3.64 vesselness=3.33) vness=4.67e-05
  # 2 comp=1 len=15.0mm traced=3.2mm (bifurcation@3.4mm) ostium=(8.6,-0.2,2.0) patch=13mm2 disagree=4.8mm r=1.89mm (dt=0.72 frontier=1.89 MISMATCH) vness=1.52e-07
  # 3 comp=2 len=15.0mm traced=9.6mm (max_length) ostium=(-7.4,1.4,30.8) patch=34mm2 disagree=3.1mm r=3.17mm (dt=2.48 frontier=3.17 vesselness=3.33) vness=7.2e-05
  # 4 comp=4 len=15.0mm traced=9.2mm (max_length) ostium=(-5.8,-2.6,53.2) patch=37mm2 disagree=2.4mm r=2.94mm (dt=2.39 frontier=2.94 vesselness=3.33) vness=7.42e-05
  # 5 comp=8 len=15.0mm traced=9.6mm (max_length) ostium=(10.2,-8.2,92.4) patch=18mm2 disagree=3.1mm r=2.62mm (dt=1.90 frontier=2.62 vesselness=2.22) vness=0.000145
  # 6 comp=6 len=15.0mm traced=9.7mm (max_length) ostium=(-1.0,5.4,75.6) patch=28mm2 disagree=3.1mm r=2.32mm (dt=1.64 frontier=2.32 vesselness=2.22) vness=0.000178
  # 7 comp=5 len=15.0mm traced=9.4mm (max_length) ostium=(0.6,7.8,66.8) patch=16mm2 disagree=5.5mm r=1.91mm (dt=1.41 frontier=1.91 vesselness=2.22) vness=0.000178
  # 8 comp=13 len=15.0mm traced=8.9mm (max_length) ostium=(8.6,-1.8,130.0) patch=17mm2 disagree=3.3mm r=1.94mm (dt=1.32 frontier=1.94 vesselness=2.22) vness=0.000174
  # 9 comp=10 len=15.0mm traced=9.7mm (max_length) ostium=(2.2,-5.8,94.0) patch=13mm2 disagree=2.1mm r=1.69mm (dt=1.10 frontier=1.69 vesselness=1.48) vness=0.000186
  #10 comp=9 len=14.9mm traced=9.2mm (max_length) ostium=(6.2,-8.2,93.2) patch=6mm2 disagree=2.6mm r=1.24mm (dt=1.07 frontier=1.24 vesselness=1.48) vness=0.000374
  #11 comp=11 len=15.0mm traced=8.5mm (max_length) ostium=(3.8,2.2,111.6) patch=3mm2 disagree=4.4mm r=0.81mm (dt=0.79 frontier=0.81 vesselness=1.48) vness=0.000407
  #12 comp=7 len=14.9mm traced=8.6mm (max_length) ostium=(2.2,-7.4,82.8) patch=4mm2 disagree=5.8mm r=0.70mm (dt=0.74 frontier=0.70 vesselness=1.48) vness=0.000359
timings: load_and_prepare_s=0.3s geometry_s=0.4s flood_s=0.9s candidates_s=1.0s parentage_s=0.0s tracing_s=0.3s
scoring: 13 instances, confidence threshold=0.50
  instance=  0 comp=12 confidence=0.00 status=VETOED (traced length 2.5mm < 5mm)
  instance=  1 comp=3 confidence=0.87 status=KEPT
  instance=  2 comp=1 confidence=0.00 status=VETOED (traced length 3.2mm < 5mm)
  instance=  3 comp=2 confidence=0.90 status=KEPT
  instance=  4 comp=4 confidence=0.98 status=KEPT
  instance=  5 comp=8 confidence=0.83 status=KEPT
  instance=  6 comp=6 confidence=0.96 status=KEPT
  instance=  7 comp=5 confidence=0.87 status=KEPT
  instance=  8 comp=13 confidence=0.95 status=KEPT
  instance=  9 comp=10 confidence=1.00 status=KEPT
  instance= 10 comp=9 confidence=0.87 status=KEPT
  instance= 11 comp=11 confidence=0.91 status=KEPT
  instance= 12 comp=7 confidence=0.00 status=VETOED (radius 0.70mm < 0.70mm (1.0mm minimum less 0.3mm measurement-noise margin))
kept 10/13 as daughters
