  radius disagreement 76% on instance 0: distance transform 1.92mm vs frontier 7.93mm
  radius disagreement 94% on instance 1: distance transform 0.40mm vs frontier 7.22mm
  radius disagreement 50% on instance 5: distance transform 1.54mm vs frontier 3.09mm
lumen HU median=399 p25=392 p75=406 contrast_enhanced=True
components kept=1 dropped=0 caps=2 surface_points=18352
flood: T=209HU (0.525 x lumen ref 399HU) retries=6 leak=none growth=1.24 reached=17436
  search: 0.400->LEAK:growth 0.650->ok 0.525->ok 0.463->LEAK:growth 0.494->LEAK:growth 0.509->LEAK:growth
  bone descent (ceiling 424HU, excised 0 voxels in 0 components): 0.500->LEAK:growth
components=9 candidates=9 neck=2.0mm rejected: no_contact_patch=0 end_cap=0 aortic_continuation=0 too_short=0
instances=9 from 9 candidates (split_components=0 absorbed_narrow_pieces=0 instance_too_short=0)
  # 0 comp=1 len=15.0mm traced=9.1mm (max_length) ostium=(9.5,-0.1,4.4) patch=63mm2 disagree=10.7mm r=7.93mm (dt=1.92 frontier=7.93 MISMATCH) vness=3.12e-07
  # 1 comp=9 len=15.0mm traced=8.5mm (max_length) ostium=(30.3,-0.1,142.8) patch=65mm2 disagree=8.6mm r=7.22mm (dt=0.40 frontier=7.22 vesselness=1.48 MISMATCH) vness=2.52e-07
  # 2 comp=3 len=15.0mm traced=9.6mm (max_length) ostium=(3.1,7.9,44.4) patch=39mm2 disagree=3.0mm r=3.83mm (dt=2.95 frontier=3.83 vesselness=3.33) vness=3.28e-05
  # 3 comp=2 len=15.0mm traced=9.9mm (max_length) ostium=(-8.1,2.3,30.8) patch=39mm2 disagree=2.6mm r=3.30mm (dt=2.67 frontier=3.30 vesselness=3.33) vness=4.3e-05
  # 4 comp=4 len=15.0mm traced=9.5mm (max_length) ostium=(-6.5,-1.7,53.2) patch=42mm2 disagree=3.6mm r=3.10mm (dt=2.38 frontier=3.10 vesselness=3.33) vness=4.02e-05
  # 5 comp=5 len=15.0mm traced=9.2mm (max_length) ostium=(-0.1,6.3,75.6) patch=52mm2 disagree=3.1mm r=3.09mm (dt=1.54 frontier=3.09 vesselness=2.22 MISMATCH) vness=4.32e-05
  # 6 comp=6 len=15.0mm traced=9.6mm (max_length) ostium=(10.3,-8.1,92.4) patch=19mm2 disagree=3.1mm r=2.65mm (dt=1.83 frontier=2.65 vesselness=2.22) vness=5.78e-05
  # 7 comp=8 len=15.0mm traced=9.7mm (max_length) ostium=(2.3,-6.5,94.0) patch=13mm2 disagree=5.0mm r=1.66mm (dt=1.32 frontier=1.66 vesselness=1.48) vness=6.81e-05
  # 8 comp=7 len=10.3mm traced=9.1mm (max_length) ostium=(6.3,-8.1,92.4) patch=5mm2 disagree=2.9mm r=1.54mm (dt=0.95 frontier=1.54 vesselness=1.48) vness=8.83e-05
timings: load_and_prepare_s=0.1s geometry_s=0.5s flood_s=0.9s candidates_s=1.4s parentage_s=0.0s tracing_s=0.5s
scoring: 9 instances, confidence threshold=0.50
  instance=  0 comp=1 confidence=0.04 status=BELOW_THRESHOLD (confidence 0.04 < 0.50)
  instance=  1 comp=9 confidence=0.00 status=BELOW_THRESHOLD (confidence 0.00 < 0.50)
  instance=  2 comp=3 confidence=0.79 status=KEPT
  instance=  3 comp=2 confidence=0.94 status=KEPT
  instance=  4 comp=4 confidence=0.94 status=KEPT
  instance=  5 comp=5 confidence=0.96 status=KEPT
  instance=  6 comp=6 confidence=0.82 status=KEPT
  instance=  7 comp=8 confidence=0.89 status=KEPT
  instance=  8 comp=7 confidence=0.95 status=KEPT
kept 7/9 as daughters
