  radius disagreement 54% on instance 4: distance transform 0.67mm vs frontier 1.46mm
lumen HU median=249 p25=243 p75=255 contrast_enhanced=True
components kept=1 dropped=0 caps=2 surface_points=18423
flood: T=158HU (0.634 x lumen ref 249HU) retries=6 leak=none growth=0.87 reached=3127
  search: 0.400->LEAK:growth 0.650->ok 0.525->LEAK:growth 0.588->LEAK:growth 0.619->LEAK:growth 0.634->ok
  bone descent (ceiling 271HU, excised 0 voxels in 0 components): 0.609->LEAK:growth
components=7 candidates=6 neck=2.0mm rejected: no_contact_patch=0 end_cap=0 aortic_continuation=0 too_short=1
instances=6 from 6 candidates (split_components=0 absorbed_narrow_pieces=0 instance_too_short=0)
  # 0 comp=4 len=15.0mm traced=9.6mm (max_length) ostium=(3.1,8.7,45.2) patch=52mm2 disagree=2.5mm r=3.51mm (dt=3.06 frontier=3.51 vesselness=3.33) vness=2.98e-05
  # 1 comp=5 len=15.0mm traced=9.2mm (max_length) ostium=(-5.7,-2.5,53.2) patch=35mm2 disagree=1.9mm r=2.50mm (dt=2.08 frontier=2.50 vesselness=2.22) vness=5.85e-05
  # 2 comp=6 len=15.0mm traced=9.9mm (max_length) ostium=(10.3,-8.9,91.6) patch=21mm2 disagree=2.6mm r=2.52mm (dt=1.93 frontier=2.52 vesselness=2.22) vness=7.49e-05
  # 3 comp=3 len=14.9mm traced=9.2mm (max_length) ostium=(-8.1,1.5,30.8) patch=16mm2 disagree=2.6mm r=1.69mm (dt=1.44 frontier=1.69 vesselness=2.22) vness=0.000102
  # 4 comp=2 len=14.9mm traced=2.6mm (bifurcation@3.4mm) ostium=(8.7,-0.1,4.4) patch=10mm2 disagree=1.7mm r=1.46mm (dt=0.67 frontier=1.46 vesselness=1.48 MISMATCH) vness=4.83e-08
  # 5 comp=7 len=10.8mm traced=9.0mm (max_length) ostium=(6.3,-8.9,92.4) patch=8mm2 disagree=2.3mm r=1.24mm (dt=1.00 frontier=1.24 vesselness=1.48) vness=9.75e-05
timings: load_and_prepare_s=0.3s geometry_s=0.6s flood_s=1.1s candidates_s=0.5s parentage_s=0.0s tracing_s=0.2s
scoring: 6 instances, confidence threshold=0.50
  instance=  0 comp=4 confidence=0.96 status=KEPT
  instance=  1 comp=5 confidence=1.00 status=KEPT
  instance=  2 comp=6 confidence=0.94 status=KEPT
  instance=  3 comp=3 confidence=0.98 status=KEPT
  instance=  4 comp=2 confidence=0.00 status=VETOED (traced length 2.6mm < 5mm)
  instance=  5 comp=7 confidence=0.99 status=KEPT
kept 5/6 as daughters
