lumen HU median=549 p25=541 p75=557 contrast_enhanced=True
components kept=1 dropped=0 caps=2 surface_points=18352
flood: T=331HU (0.603 x lumen ref 549HU) retries=6 leak=none growth=0.72 reached=3394
  search: 0.400->LEAK:growth 0.650->ok 0.525->LEAK:growth 0.588->LEAK:growth 0.619->ok 0.603->ok
  bone descent (ceiling 578HU, excised 0 voxels in 0 components): 0.578->LEAK:growth
components=8 candidates=8 neck=2.0mm rejected: no_contact_patch=0 end_cap=0 aortic_continuation=0 too_short=0
instances=8 from 8 candidates (split_components=0 absorbed_narrow_pieces=0 instance_too_short=0)
  # 0 comp=3 len=15.0mm traced=9.6mm (max_length) ostium=(3.1,7.9,45.2) patch=38mm2 disagree=3.1mm r=3.64mm (dt=2.77 frontier=3.64 vesselness=3.33) vness=3.85e-05
  # 1 comp=8 len=15.0mm traced=9.3mm (max_length) ostium=(3.9,3.1,111.6) patch=26mm2 disagree=3.3mm r=2.49mm (dt=1.82 frontier=2.49 vesselness=2.22) vness=8.42e-05
  # 2 comp=2 len=15.0mm traced=9.9mm (max_length) ostium=(-8.1,1.5,30.8) patch=22mm2 disagree=3.0mm r=2.27mm (dt=1.57 frontier=2.27 vesselness=2.22) vness=9.5e-05
  # 3 comp=5 len=15.0mm traced=9.6mm (max_length) ostium=(10.3,-8.1,92.4) patch=18mm2 disagree=5.3mm r=2.30mm (dt=1.59 frontier=2.30 vesselness=2.22) vness=8.74e-05
  # 4 comp=4 len=15.0mm traced=9.5mm (max_length) ostium=(-6.5,-1.7,53.2) patch=20mm2 disagree=3.6mm r=1.94mm (dt=1.39 frontier=1.94 vesselness=2.22) vness=6.95e-05
  # 5 comp=7 len=15.0mm traced=9.7mm (max_length) ostium=(2.3,-6.5,94.0) patch=14mm2 disagree=1.5mm r=1.46mm (dt=1.13 frontier=1.46 vesselness=1.48) vness=0.000127
  # 6 comp=6 len=10.3mm traced=8.9mm (max_length) ostium=(6.3,-8.1,92.4) patch=4mm2 disagree=6.3mm r=1.40mm (dt=0.85 frontier=1.40 vesselness=1.48) vness=0.000117
  # 7 comp=1 len=7.0mm traced=5.7mm (vessel_end) ostium=(9.5,-0.1,2.0) patch=8mm2 disagree=2.5mm r=0.64mm (dt=0.40 frontier=0.64) vness=2.36e-07
timings: load_and_prepare_s=0.1s geometry_s=0.5s flood_s=0.8s candidates_s=1.0s parentage_s=0.0s tracing_s=0.4s
scoring: 8 instances, confidence threshold=0.50
  instance=  0 comp=3 confidence=0.82 status=KEPT
  instance=  1 comp=8 confidence=0.95 status=KEPT
  instance=  2 comp=2 confidence=0.94 status=KEPT
  instance=  3 comp=5 confidence=0.78 status=KEPT
  instance=  4 comp=4 confidence=0.93 status=KEPT
  instance=  5 comp=7 confidence=1.00 status=KEPT
  instance=  6 comp=6 confidence=0.78 status=KEPT
  instance=  7 comp=1 confidence=0.00 status=VETOED (radius 0.64mm < 0.70mm (1.0mm minimum less 0.3mm measurement-noise margin))
kept 7/8 as daughters
