  radius disagreement 81% on instance 0: distance transform 1.39mm vs frontier 7.36mm
  radius disagreement 76% on instance 1: distance transform 1.61mm vs frontier 6.63mm
lumen HU median=549 p25=541 p75=556 contrast_enhanced=True
components kept=1 dropped=0 caps=2 surface_points=18352
flood: T=305HU (0.556 x lumen ref 549HU) retries=6 leak=none growth=1.22 reached=13790
  search: 0.400->LEAK:growth 0.650->ok 0.525->LEAK:growth 0.588->ok 0.556->ok 0.541->LEAK:growth
  bone descent (ceiling 577HU, excised 0 voxels in 0 components): 0.531->LEAK:growth
components=7 candidates=7 neck=2.0mm rejected: no_contact_patch=0 end_cap=0 aortic_continuation=0 too_short=0
instances=7 from 7 candidates (split_components=0 absorbed_narrow_pieces=0 instance_too_short=0)
  # 0 comp=1 len=15.0mm traced=9.3mm (max_length) ostium=(9.5,-0.1,4.4) patch=54mm2 disagree=2.8mm r=7.36mm (dt=1.39 frontier=7.36 vesselness=3.33 MISMATCH) vness=3.15e-07
  # 1 comp=7 len=15.0mm traced=9.4mm (max_length) ostium=(30.3,-0.1,142.8) patch=54mm2 disagree=1.3mm r=6.63mm (dt=1.61 frontier=6.63 MISMATCH) vness=2.58e-07
  # 2 comp=3 len=15.0mm traced=9.6mm (max_length) ostium=(3.1,7.9,45.2) patch=38mm2 disagree=3.6mm r=3.68mm (dt=2.77 frontier=3.68 vesselness=3.33) vness=3.87e-05
  # 3 comp=4 len=15.0mm traced=9.5mm (max_length) ostium=(-6.5,-1.7,53.2) patch=41mm2 disagree=3.6mm r=2.91mm (dt=2.29 frontier=2.91 vesselness=3.33) vness=5.22e-05
  # 4 comp=2 len=15.0mm traced=9.9mm (max_length) ostium=(-8.1,2.3,30.8) patch=26mm2 disagree=2.6mm r=3.05mm (dt=2.33 frontier=3.05 vesselness=3.33) vness=7.05e-05
  # 5 comp=5 len=15.0mm traced=9.6mm (max_length) ostium=(10.3,-8.1,92.4) patch=19mm2 disagree=5.3mm r=2.55mm (dt=1.71 frontier=2.55 vesselness=2.22) vness=8.23e-05
  # 6 comp=6 len=10.3mm traced=8.9mm (max_length) ostium=(6.3,-8.1,92.4) patch=4mm2 disagree=6.3mm r=1.40mm (dt=1.01 frontier=1.40 vesselness=1.48) vness=0.000103
timings: load_and_prepare_s=0.1s geometry_s=0.5s flood_s=0.9s candidates_s=0.8s parentage_s=0.0s tracing_s=0.3s
scoring: 7 instances, confidence threshold=0.50
  instance=  0 comp=1 confidence=0.10 status=BELOW_THRESHOLD (confidence 0.10 < 0.50)
  instance=  1 comp=7 confidence=0.14 status=BELOW_THRESHOLD (confidence 0.14 < 0.50)
  instance=  2 comp=3 confidence=0.80 status=KEPT
  instance=  3 comp=4 confidence=0.94 status=KEPT
  instance=  4 comp=2 confidence=0.92 status=KEPT
  instance=  5 comp=5 confidence=0.74 status=KEPT
  instance=  6 comp=6 confidence=0.78 status=KEPT
kept 5/7 as daughters
