lumen HU median=399 p25=386 p75=412 contrast_enhanced=True
components kept=1 dropped=0 caps=2 surface_points=17712
flood: T=203HU (0.509 x lumen ref 399HU) retries=6 leak=none growth=1.03 reached=2501
  search: 0.400->LEAK:growth 0.650->ok 0.525->ok 0.463->LEAK:growth 0.494->LEAK:growth 0.509->ok
  bone descent (ceiling 443HU, excised 0 voxels in 0 components): 0.484->LEAK:growth
components=5 candidates=5 neck=2.0mm rejected: no_contact_patch=0 end_cap=0 aortic_continuation=0 too_short=0
instances=5 from 5 candidates (split_components=0 absorbed_narrow_pieces=0 instance_too_short=0)
  # 0 comp=2 len=15.0mm traced=9.9mm (max_length) ostium=(3.8,8.6,44.4) patch=43mm2 disagree=2.7mm r=3.64mm (dt=3.08 frontier=3.64 vesselness=3.33) vness=4.67e-05
  # 1 comp=5 len=15.0mm traced=9.2mm (max_length@11.9mm) ostium=(8.6,7.8,107.6) patch=29mm2 disagree=3.0mm r=2.65mm (dt=2.14 frontier=2.65 vesselness=2.22) vness=2.01e-05
  # 2 comp=3 len=14.9mm traced=9.2mm (max_length) ostium=(-5.8,-2.6,53.2) patch=19mm2 disagree=1.9mm r=1.94mm (dt=1.64 frontier=1.94 vesselness=2.22) vness=0.000157
  # 3 comp=1 len=15.0mm traced=9.9mm (max_length) ostium=(-7.4,1.4,30.8) patch=8mm2 disagree=2.7mm r=1.61mm (dt=1.25 frontier=1.61 vesselness=1.48) vness=0.000277
  # 4 comp=4 len=14.9mm traced=9.2mm (max_length) ostium=(-1.0,5.4,75.6) patch=8mm2 disagree=2.6mm r=1.14mm (dt=0.89 frontier=1.14 vesselness=1.48) vness=0.000262
timings: load_and_prepare_s=0.3s geometry_s=0.5s flood_s=0.9s candidates_s=0.5s parentage_s=0.0s tracing_s=0.1s
scoring: 5 instances, confidence threshold=0.50
  instance=  0 comp=2 confidence=0.87 status=KEPT
  instance=  1 comp=5 confidence=0.96 status=KEPT
  instance=  2 comp=3 confidence=1.00 status=KEPT
  instance=  3 comp=1 confidence=0.90 status=KEPT
  instance=  4 comp=4 confidence=0.98 status=KEPT
kept 5/5 as daughters
