  radius disagreement 59% on instance 4: distance transform 0.83mm vs frontier 2.04mm
  radius disagreement 68% on instance 7: distance transform 0.40mm vs frontier 1.24mm
lumen HU median=249 p25=238 p75=260 contrast_enhanced=True
components kept=1 dropped=0 caps=2 surface_points=17712
flood: T=154HU (0.619 x lumen ref 249HU) retries=6 leak=none growth=0.97 reached=3338
  search: 0.400->LEAK:growth 0.650->ok 0.525->LEAK:growth 0.588->LEAK:growth 0.619->ok 0.603->LEAK:growth
  bone descent (ceiling 287HU, excised 0 voxels in 0 components): 0.594->LEAK:growth
components=8 candidates=8 neck=2.0mm rejected: no_contact_patch=0 end_cap=0 aortic_continuation=0 too_short=0
instances=8 from 8 candidates (split_components=0 absorbed_narrow_pieces=2 instance_too_short=0)
  # 0 comp=4 len=15.0mm traced=9.9mm (max_length) ostium=(3.8,8.6,44.4) patch=43mm2 disagree=2.7mm r=3.64mm (dt=2.87 frontier=3.64 vesselness=3.33) vness=3.38e-05
  # 1 comp=3 len=15.0mm traced=9.6mm (max_length) ostium=(-7.4,1.4,30.0) patch=26mm2 disagree=3.4mm r=2.72mm (dt=1.96 frontier=2.72 vesselness=2.22) vness=9.07e-05
  # 2 comp=6 len=15.0mm traced=9.6mm (max_length) ostium=(10.2,-8.2,92.4) patch=18mm2 disagree=3.1mm r=2.62mm (dt=1.88 frontier=2.62 vesselness=2.22) vness=0.000102
  # 3 comp=1 len=14.8mm traced=3.2mm (bifurcation@3.4mm) ostium=(8.6,0.6,-0.4) patch=15mm2 disagree=1.5mm r=1.07mm (dt=0.66 frontier=1.07 vesselness=6.66) vness=1.27e-07 seed<5mm
  # 4 comp=8 len=15.0mm traced=3.0mm (bifurcation@3.4mm) ostium=(30.2,-0.2,143.6) patch=17mm2 disagree=3.3mm r=2.04mm (dt=0.83 frontier=2.04 vesselness=1.48 MISMATCH) vness=1.53e-07
  # 5 comp=5 len=14.9mm traced=9.2mm (max_length) ostium=(-5.8,-2.6,53.2) patch=10mm2 disagree=2.4mm r=1.56mm (dt=1.26 frontier=1.56 vesselness=1.48) vness=0.000145
  # 6 comp=7 len=14.9mm traced=9.2mm (max_length) ostium=(6.2,-8.2,93.2) patch=6mm2 disagree=2.6mm r=1.24mm (dt=1.08 frontier=1.24 vesselness=1.48) vness=0.000276
  # 7 comp=2 len=8.6mm traced=4.0mm (bifurcation@4.9mm) ostium=(8.6,-0.2,5.2) patch=8mm2 disagree=2.4mm r=1.24mm (dt=0.40 frontier=1.24 MISMATCH) vness=5.45e-07
timings: load_and_prepare_s=0.4s geometry_s=0.6s flood_s=1.0s candidates_s=1.1s parentage_s=0.0s tracing_s=0.3s
scoring: 8 instances, confidence threshold=0.50
  instance=  0 comp=4 confidence=0.87 status=KEPT
  instance=  1 comp=3 confidence=0.92 status=KEPT
  instance=  2 comp=6 confidence=0.83 status=KEPT
  instance=  3 comp=1 confidence=0.00 status=VETOED (traced length 3.2mm < 5mm)
  instance=  4 comp=8 confidence=0.00 status=VETOED (traced length 3.0mm < 5mm)
  instance=  5 comp=5 confidence=0.98 status=KEPT
  instance=  6 comp=7 confidence=0.87 status=KEPT
  instance=  7 comp=2 confidence=0.00 status=VETOED (traced length 4.0mm < 5mm)
kept 5/8 as daughters
