  radius disagreement 74% on instance 5: distance transform 0.40mm vs frontier 1.51mm
lumen HU median=399 p25=392 p75=406 contrast_enhanced=True
components kept=1 dropped=0 caps=2 surface_points=18423
flood: T=241HU (0.603 x lumen ref 399HU) retries=6 leak=none growth=0.75 reached=3219
  search: 0.400->LEAK:growth 0.650->ok 0.525->LEAK:growth 0.588->LEAK:growth 0.619->ok 0.603->ok
  bone descent (ceiling 425HU, excised 0 voxels in 0 components): 0.578->LEAK:growth
components=7 candidates=7 neck=2.0mm rejected: no_contact_patch=0 end_cap=0 aortic_continuation=0 too_short=0
instances=7 from 7 candidates (split_components=0 absorbed_narrow_pieces=0 instance_too_short=0)
  # 0 comp=3 len=15.0mm traced=9.6mm (max_length) ostium=(3.1,8.7,45.2) patch=52mm2 disagree=2.5mm r=3.57mm (dt=3.04 frontier=3.57 vesselness=3.33) vness=3.88e-05
  # 1 comp=2 len=15.0mm traced=9.3mm (max_length) ostium=(-8.1,1.5,30.8) patch=31mm2 disagree=3.3mm r=2.93mm (dt=2.48 frontier=2.93 vesselness=3.33) vness=6.68e-05
  # 2 comp=5 len=15.0mm traced=9.9mm (max_length) ostium=(10.3,-8.9,91.6) patch=21mm2 disagree=2.6mm r=2.49mm (dt=1.91 frontier=2.49 vesselness=2.22) vness=0.0001
  # 3 comp=4 len=15.0mm traced=9.2mm (max_length) ostium=(-5.7,-2.5,53.2) patch=27mm2 disagree=5.4mm r=2.25mm (dt=1.94 frontier=2.25 vesselness=2.22) vness=0.00011
  # 4 comp=6 len=10.8mm traced=9.0mm (max_length) ostium=(6.3,-8.9,92.4) patch=8mm2 disagree=2.3mm r=1.21mm (dt=0.86 frontier=1.21 vesselness=1.48) vness=0.00016
  # 5 comp=7 len=7.0mm traced=2.8mm (bifurcation@3.4mm) ostium=(30.3,0.7,144.4) patch=15mm2 disagree=1.4mm r=1.51mm (dt=0.40 frontier=1.51 MISMATCH) vness=9.4e-08
  # 6 comp=1 len=9.1mm traced=6.6mm (vessel_end) ostium=(8.7,0.7,4.4) patch=8mm2 disagree=1.1mm r=0.70mm (dt=0.40 frontier=0.70) vness=2.85e-07
timings: load_and_prepare_s=0.2s geometry_s=0.4s flood_s=1.0s candidates_s=0.5s parentage_s=0.0s tracing_s=0.2s
scoring: 7 instances, confidence threshold=0.50
  instance=  0 comp=3 confidence=0.96 status=KEPT
  instance=  1 comp=2 confidence=0.95 status=KEPT
  instance=  2 comp=5 confidence=0.93 status=KEPT
  instance=  3 comp=4 confidence=0.87 status=KEPT
  instance=  4 comp=6 confidence=0.99 status=KEPT
  instance=  5 comp=7 confidence=0.00 status=VETOED (traced length 2.8mm < 5mm)
  instance=  6 comp=1 confidence=0.00 status=VETOED (radius 0.70mm < 0.70mm (1.0mm minimum less 0.3mm measurement-noise margin))
kept 5/7 as daughters
