  radius disagreement 91% on instance 0: distance transform 0.40mm vs frontier 4.41mm
  radius disagreement 76% on instance 1: distance transform 0.80mm vs frontier 3.30mm
  radius disagreement 78% on instance 2: distance transform 0.58mm vs frontier 2.65mm
lumen HU median=549 p25=534 p75=564 contrast_enhanced=True
components kept=1 dropped=0 caps=2 surface_points=17712
flood: T=314HU (0.572 x lumen ref 549HU) retries=6 leak=none growth=1.25 reached=10369
  search: 0.400->LEAK:growth 0.650->ok 0.525->LEAK:growth 0.588->ok 0.556->LEAK:growth 0.572->ok
  bone descent (ceiling 600HU, excised 0 voxels in 0 components): 0.547->LEAK:growth
components=14 candidates=14 neck=2.0mm rejected: no_contact_patch=0 end_cap=0 aortic_continuation=0 too_short=0
instances=15 from 14 candidates (split_components=1 absorbed_narrow_pieces=5 instance_too_short=0)
  # 0 comp=13 len=15.0mm traced=2.8mm (bifurcation@3.4mm) ostium=(30.2,0.6,143.6) patch=25mm2 disagree=7.0mm r=4.41mm (dt=0.40 frontier=4.41 vesselness=1.48 MISMATCH) vness=2.89e-07
  # 1 comp=1 len=15.0mm traced=3.0mm (bifurcation@3.4mm) ostium=(8.6,-0.2,1.2) patch=20mm2 disagree=5.4mm r=3.30mm (dt=0.80 frontier=3.30 vesselness=2.22 MISMATCH) vness=3.27e-07 split=watershed shares=#2@0.8mm
  # 2 comp=1 len=15.0mm traced=4.1mm (bifurcation@4.9mm) ostium=(8.6,-0.2,5.2) patch=7mm2 disagree=2.4mm r=2.65mm (dt=0.58 frontier=2.65 MISMATCH) vness=3.27e-07 split=watershed shares=#1@0.8mm
  # 3 comp=4 len=15.0mm traced=9.2mm (max_length) ostium=(-5.8,-2.6,53.2) patch=53mm2 disagree=2.4mm r=3.44mm (dt=2.89 frontier=3.44 vesselness=3.33) vness=5.14e-05
  # 4 comp=3 len=15.0mm traced=9.9mm (max_length) ostium=(3.8,8.6,44.4) patch=43mm2 disagree=2.7mm r=3.64mm (dt=2.89 frontier=3.64 vesselness=3.33) vness=5.29e-05
  # 5 comp=11 len=15.0mm traced=9.9mm (max_length) ostium=(3.8,2.2,111.6) patch=44mm2 disagree=2.5mm r=3.11mm (dt=2.57 frontier=3.11 vesselness=3.33) vness=6.97e-05
  # 6 comp=9 len=15.0mm traced=9.7mm (max_length) ostium=(2.2,-5.8,94.0) patch=42mm2 disagree=2.1mm r=3.02mm (dt=2.35 frontier=3.02 vesselness=3.33) vness=8.28e-05
  # 7 comp=8 len=15.0mm traced=9.6mm (max_length) ostium=(10.2,-8.2,92.4) patch=18mm2 disagree=3.1mm r=2.62mm (dt=1.89 frontier=2.62 vesselness=2.22) vness=0.000162
  # 8 comp=5 len=15.0mm traced=9.5mm (max_length) ostium=(0.6,7.8,66.0) patch=19mm2 disagree=5.0mm r=1.96mm (dt=1.64 frontier=1.96 vesselness=2.22) vness=0.000214
  # 9 comp=14 len=15.0mm traced=8.9mm (max_length) ostium=(8.6,-1.8,130.0) patch=17mm2 disagree=3.3mm r=1.94mm (dt=1.50 frontier=1.94 vesselness=2.22) vness=0.000199
  #10 comp=7 len=15.0mm traced=9.2mm (max_length) ostium=(2.2,-7.4,82.8) patch=15mm2 disagree=3.8mm r=1.91mm (dt=1.31 frontier=1.91 vesselness=2.22) vness=0.000204
  #11 comp=6 len=14.9mm traced=9.4mm (max_length) ostium=(-1.0,5.4,75.6) patch=13mm2 disagree=3.9mm r=1.87mm (dt=1.24 frontier=1.87 vesselness=1.48) vness=0.000189
  #12 comp=2 len=15.0mm traced=9.9mm (max_length) ostium=(-7.4,1.4,30.8) patch=10mm2 disagree=2.7mm r=1.87mm (dt=1.33 frontier=1.87 vesselness=1.48) vness=0.000218
  #13 comp=10 len=14.9mm traced=9.2mm (max_length) ostium=(6.2,-8.2,93.2) patch=6mm2 disagree=2.6mm r=1.28mm (dt=1.09 frontier=1.28 vesselness=1.48) vness=0.000413
  #14 comp=12 len=15.0mm traced=9.2mm (max_length) ostium=(6.2,3.0,121.2) patch=7mm2 disagree=1.4mm r=1.03mm (dt=0.78 frontier=1.03 vesselness=1.48) vness=0.000502
timings: load_and_prepare_s=0.3s geometry_s=0.4s flood_s=0.9s candidates_s=1.1s parentage_s=0.1s tracing_s=0.4s
scoring: 15 instances, confidence threshold=0.50
  instance=  0 comp=13 confidence=0.00 status=VETOED (traced length 2.8mm < 5mm)
  instance=  1 comp=1 confidence=0.00 status=VETOED (traced length 3.0mm < 5mm)
  instance=  2 comp=1 confidence=0.00 status=VETOED (traced length 4.1mm < 5mm)
  instance=  3 comp=4 confidence=0.97 status=KEPT
  instance=  4 comp=3 confidence=0.87 status=KEPT
  instance=  5 comp=11 confidence=0.98 status=KEPT
  instance=  6 comp=9 confidence=1.00 status=KEPT
  instance=  7 comp=8 confidence=0.83 status=KEPT
  instance=  8 comp=5 confidence=0.89 status=KEPT
  instance=  9 comp=14 confidence=0.95 status=KEPT
  instance= 10 comp=7 confidence=0.93 status=KEPT
  instance= 11 comp=6 confidence=0.93 status=KEPT
  instance= 12 comp=2 confidence=0.84 status=KEPT
  instance= 13 comp=10 confidence=0.88 status=KEPT
  instance= 14 comp=12 confidence=1.00 status=KEPT
kept 12/15 as daughters
