  radius disagreement 89% on instance 0: distance transform 0.40mm vs frontier 3.58mm
  radius disagreement 82% on instance 1: distance transform 0.42mm vs frontier 2.32mm
lumen HU median=399 p25=392 p75=406 contrast_enhanced=True
components kept=1 dropped=0 caps=2 surface_points=18352
flood: T=241HU (0.603 x lumen ref 399HU) retries=6 leak=none growth=1.16 reached=5596
  search: 0.400->LEAK:growth 0.650->ok 0.525->LEAK:growth 0.588->LEAK:growth 0.619->ok 0.603->ok
  bone descent (ceiling 425HU, excised 0 voxels in 0 components): 0.578->LEAK:growth
components=7 candidates=7 neck=2.0mm rejected: no_contact_patch=0 end_cap=0 aortic_continuation=0 too_short=0
instances=7 from 7 candidates (split_components=0 absorbed_narrow_pieces=1 instance_too_short=0)
  # 0 comp=1 len=15.0mm traced=8.9mm (max_length@11.4mm) ostium=(9.5,-0.1,6.0) patch=15mm2 disagree=3.6mm r=3.58mm (dt=0.40 frontier=3.58 MISMATCH) vness=2.37e-07
  # 1 comp=7 len=14.9mm traced=3.2mm (bifurcation@3.4mm) ostium=(30.3,-0.1,142.8) patch=51mm2 disagree=4.4mm r=2.32mm (dt=0.42 frontier=2.32 MISMATCH) vness=1.23e-07
  # 2 comp=3 len=15.0mm traced=9.6mm (max_length) ostium=(3.1,7.9,45.2) patch=38mm2 disagree=3.1mm r=3.67mm (dt=2.73 frontier=3.67 vesselness=3.33) vness=3.49e-05
  # 3 comp=4 len=15.0mm traced=9.4mm (max_length) ostium=(-4.9,-3.3,53.2) patch=47mm2 disagree=3.6mm r=3.24mm (dt=2.62 frontier=3.24 vesselness=3.33) vness=3.86e-05
  # 4 comp=5 len=15.0mm traced=9.6mm (max_length) ostium=(10.3,-8.1,92.4) patch=18mm2 disagree=5.3mm r=2.39mm (dt=1.57 frontier=2.39 vesselness=2.22) vness=7.98e-05
  # 5 comp=2 len=14.8mm traced=9.6mm (max_length) ostium=(-8.1,2.3,30.8) patch=6mm2 disagree=6.8mm r=1.37mm (dt=1.27 frontier=1.37 vesselness=1.48) vness=0.000198
  # 6 comp=6 len=10.3mm traced=8.9mm (max_length) ostium=(6.3,-8.1,92.4) patch=4mm2 disagree=6.3mm r=1.40mm (dt=0.97 frontier=1.40 vesselness=1.48) vness=0.0001
timings: load_and_prepare_s=0.1s geometry_s=0.5s flood_s=1.0s candidates_s=1.2s parentage_s=0.0s tracing_s=0.3s
scoring: 7 instances, confidence threshold=0.50
  instance=  0 comp=1 confidence=0.35 status=BELOW_THRESHOLD (confidence 0.35 < 0.50)
  instance=  1 comp=7 confidence=0.00 status=VETOED (traced length 3.2mm < 5mm)
  instance=  2 comp=3 confidence=0.82 status=KEPT
  instance=  3 comp=4 confidence=0.93 status=KEPT
  instance=  4 comp=5 confidence=0.74 status=KEPT
  instance=  5 comp=2 confidence=0.85 status=KEPT
  instance=  6 comp=6 confidence=0.84 status=KEPT
kept 5/7 as daughters
