  radius disagreement 74% on instance 0: distance transform 0.61mm vs frontier 2.37mm
  radius disagreement 80% on instance 1: distance transform 0.40mm vs frontier 2.04mm
  radius disagreement 69% on instance 2: distance transform 1.02mm vs frontier 3.24mm
  radius disagreement 58% on instance 8: distance transform 0.44mm vs frontier 1.07mm
  radius disagreement 100% on instance 14: distance transform 0.00mm vs frontier 1.11mm
lumen HU median=249 p25=243 p75=255 contrast_enhanced=True
components kept=1 dropped=0 caps=2 surface_points=18423
flood: T=158HU (0.634 x lumen ref 249HU) retries=6 leak=none growth=1.16 reached=6141
  search: 0.400->LEAK:growth 0.650->ok 0.525->LEAK:growth 0.588->LEAK:growth 0.619->LEAK:growth 0.634->ok
  bone descent (ceiling 272HU, excised 0 voxels in 0 components): 0.609->LEAK:growth
components=14 candidates=14 neck=2.0mm rejected: no_contact_patch=0 end_cap=0 aortic_continuation=0 too_short=0
instances=15 from 14 candidates (split_components=1 absorbed_narrow_pieces=1 instance_too_short=0)
  # 0 comp=1 len=10.8mm traced=3.0mm (bifurcation@3.4mm) ostium=(8.7,-0.1,-0.4) patch=15mm2 disagree=2.4mm r=2.37mm (dt=0.61 frontier=2.37 vesselness=1.48 MISMATCH) vness=1.88e-07 split=disjoint_patches shares=#1@7.5mm
  # 1 comp=1 len=15.0mm traced=4.9mm (bifurcation@5.9mm) ostium=(8.7,-0.1,5.2) patch=9mm2 disagree=2.2mm r=2.04mm (dt=0.40 frontier=2.04 MISMATCH) vness=1.88e-07 split=disjoint_patches shares=#0@7.5mm
  # 2 comp=6 len=15.0mm traced=9.7mm (max_length) ostium=(2.3,-7.3,82.8) patch=60mm2 disagree=3.3mm r=3.24mm (dt=1.02 frontier=3.24 vesselness=2.22 MISMATCH) vness=2.97e-05
  # 3 comp=3 len=15.0mm traced=9.6mm (max_length) ostium=(3.1,8.7,45.2) patch=52mm2 disagree=2.5mm r=3.58mm (dt=2.81 frontier=3.58 vesselness=3.33) vness=2.94e-05
  # 4 comp=11 len=15.0mm traced=9.1mm (max_length) ostium=(7.1,3.9,120.4) patch=34mm2 disagree=2.4mm r=2.49mm (dt=2.06 frontier=2.49 vesselness=2.22) vness=5.54e-05
  # 5 comp=7 len=15.0mm traced=9.9mm (max_length) ostium=(10.3,-8.9,91.6) patch=21mm2 disagree=2.6mm r=2.50mm (dt=1.89 frontier=2.50 vesselness=2.22) vness=7.44e-05
  # 6 comp=9 len=15.0mm traced=9.4mm (max_length) ostium=(2.3,-6.5,94.0) patch=28mm2 disagree=1.5mm r=1.98mm (dt=1.58 frontier=1.98 vesselness=2.22) vness=8.06e-05
  # 7 comp=4 len=14.9mm traced=9.2mm (max_length) ostium=(-4.9,-3.3,53.2) patch=21mm2 disagree=2.0mm r=1.96mm (dt=1.57 frontier=1.96 vesselness=2.22) vness=8.13e-05
  # 8 comp=13 len=15.0mm traced=7.2mm (bifurcation@8.9mm) ostium=(30.3,0.7,144.4) patch=20mm2 disagree=3.3mm r=1.07mm (dt=0.44 frontier=1.07 MISMATCH) vness=1.3e-07
  # 9 comp=10 len=15.0mm traced=9.9mm (max_length) ostium=(3.9,2.3,111.6) patch=13mm2 disagree=2.0mm r=1.40mm (dt=1.25 frontier=1.40 vesselness=2.22) vness=0.000131
  #10 comp=2 len=14.9mm traced=9.2mm (max_length) ostium=(-8.1,1.5,30.8) patch=8mm2 disagree=2.6mm r=1.31mm (dt=1.19 frontier=1.31 vesselness=1.48) vness=0.000153
  #11 comp=5 len=15.0mm traced=9.2mm (max_length) ostium=(-0.9,6.3,75.6) patch=3mm2 disagree=3.0mm r=0.81mm (dt=0.73 frontier=0.81 vesselness=1.48) vness=0.000163
  #12 comp=8 len=10.8mm traced=9.0mm (max_length) ostium=(6.3,-8.9,92.4) patch=8mm2 disagree=2.3mm r=1.21mm (dt=0.93 frontier=1.21 vesselness=1.48) vness=0.000126
  #13 comp=12 len=6.6mm traced=6.3mm (vessel_end) ostium=(7.9,-1.7,130.0) patch=6mm2 disagree=2.9mm r=0.70mm (dt=0.79 frontier=0.70 vesselness=1.48) vness=0.000284
  #14 comp=14 len=6.2mm traced=5.3mm (vessel_end) ostium=(30.3,-2.5,146.0) patch=4mm2 disagree=1.0mm r=1.11mm (dt=0.00 frontier=1.11 vesselness=2.22 MISMATCH) vness=5.5e-07
timings: load_and_prepare_s=0.2s geometry_s=0.4s flood_s=0.9s candidates_s=1.1s parentage_s=0.0s tracing_s=0.4s
scoring: 15 instances, confidence threshold=0.50
  instance=  0 comp=1 confidence=0.00 status=VETOED (traced length 3.0mm < 5mm)
  instance=  1 comp=1 confidence=0.00 status=VETOED (traced length 4.9mm < 5mm)
  instance=  2 comp=6 confidence=0.95 status=KEPT
  instance=  3 comp=3 confidence=0.96 status=KEPT
  instance=  4 comp=11 confidence=0.98 status=KEPT
  instance=  5 comp=7 confidence=0.94 status=KEPT
  instance=  6 comp=9 confidence=1.00 status=KEPT
  instance=  7 comp=4 confidence=1.00 status=KEPT
  instance=  8 comp=13 confidence=0.81 status=KEPT
  instance=  9 comp=10 confidence=1.00 status=KEPT
  instance= 10 comp=2 confidence=0.98 status=KEPT
  instance= 11 comp=5 confidence=0.90 status=KEPT
  instance= 12 comp=8 confidence=0.99 status=KEPT
  instance= 13 comp=12 confidence=0.00 status=VETOED (radius 0.70mm < 0.70mm (1.0mm minimum less 0.3mm measurement-noise margin))
  instance= 14 comp=14 confidence=0.80 status=KEPT
kept 12/15 as daughters
