  radius disagreement 54% on instance 2: distance transform 1.35mm vs frontier 2.94mm
  radius disagreement 65% on instance 6: distance transform 0.70mm vs frontier 2.00mm
lumen HU median=249 p25=243 p75=255 contrast_enhanced=True
components kept=1 dropped=0 caps=2 surface_points=18352
flood: T=162HU (0.650 x lumen ref 249HU) retries=6 leak=none growth=0.72 reached=4765
  search: 0.400->LEAK:growth 0.650->ok 0.525->LEAK:growth 0.588->LEAK:growth 0.619->LEAK:growth 0.634->LEAK:growth
  bone descent (ceiling 271HU, excised 0 voxels in 0 components): 0.625->LEAK:growth
components=10 candidates=10 neck=2.0mm rejected: no_contact_patch=0 end_cap=0 aortic_continuation=0 too_short=0
instances=10 from 10 candidates (split_components=0 absorbed_narrow_pieces=1 instance_too_short=0)
  # 0 comp=3 len=15.0mm traced=9.6mm (max_length) ostium=(3.9,7.9,44.4) patch=37mm2 disagree=2.6mm r=3.61mm (dt=2.80 frontier=3.61 vesselness=3.33) vness=2.66e-05
  # 1 comp=8 len=15.0mm traced=9.5mm (max_length) ostium=(7.1,3.9,121.2) patch=48mm2 disagree=3.6mm r=2.93mm (dt=2.14 frontier=2.93 vesselness=3.33) vness=3.03e-05
  # 2 comp=9 len=15.0mm traced=9.3mm (max_length) ostium=(8.7,-1.7,130.0) patch=51mm2 disagree=3.6mm r=2.94mm (dt=1.35 frontier=2.94 vesselness=2.22 MISMATCH) vness=2.88e-05
  # 3 comp=5 len=15.0mm traced=9.7mm (max_length) ostium=(-0.1,6.3,75.6) patch=36mm2 disagree=3.8mm r=2.25mm (dt=1.80 frontier=2.25 vesselness=2.22) vness=5.2e-05
  # 4 comp=6 len=15.0mm traced=9.6mm (max_length) ostium=(10.3,-8.1,92.4) patch=17mm2 disagree=5.3mm r=2.37mm (dt=1.56 frontier=2.37 vesselness=2.22) vness=6.23e-05
  # 5 comp=4 len=15.0mm traced=9.5mm (max_length) ostium=(-4.9,-3.3,52.4) patch=26mm2 disagree=3.7mm r=1.98mm (dt=1.59 frontier=1.98 vesselness=2.22) vness=6.28e-05
  # 6 comp=1 len=14.9mm traced=5.7mm (bifurcation@7.4mm) ostium=(9.5,-0.1,2.8) patch=4mm2 disagree=1.9mm r=2.00mm (dt=0.70 frontier=2.00 MISMATCH) vness=1.58e-07
  # 7 comp=10 len=7.6mm traced=7.2mm (vessel_end) ostium=(30.3,0.7,144.4) patch=16mm2 disagree=1.5mm r=1.46mm (dt=0.74 frontier=1.46 vesselness=1.48) vness=3.15e-07
  # 8 comp=7 len=10.3mm traced=8.9mm (max_length) ostium=(6.3,-8.1,92.4) patch=3mm2 disagree=6.3mm r=1.40mm (dt=0.99 frontier=1.40 vesselness=1.48) vness=8.96e-05
  # 9 comp=2 len=7.1mm traced=6.4mm (vessel_end) ostium=(-8.1,1.5,30.0) patch=2mm2 disagree=4.8mm r=1.07mm (dt=0.80 frontier=1.07 vesselness=1.48) vness=0.000179
timings: load_and_prepare_s=0.1s geometry_s=0.5s flood_s=0.9s candidates_s=0.7s parentage_s=0.0s tracing_s=0.5s
scoring: 10 instances, confidence threshold=0.50
  instance=  0 comp=3 confidence=0.85 status=KEPT
  instance=  1 comp=8 confidence=0.94 status=KEPT
  instance=  2 comp=9 confidence=0.94 status=KEPT
  instance=  3 comp=5 confidence=0.93 status=KEPT
  instance=  4 comp=6 confidence=0.74 status=KEPT
  instance=  5 comp=4 confidence=0.94 status=KEPT
  instance=  6 comp=1 confidence=0.42 status=BELOW_THRESHOLD (confidence 0.42 < 0.50)
  instance=  7 comp=10 confidence=0.74 status=KEPT
  instance=  8 comp=7 confidence=0.85 status=KEPT
  instance=  9 comp=2 confidence=0.89 status=KEPT
kept 9/10 as daughters
