  radius disagreement 57% on instance 1: distance transform 1.33mm vs frontier 3.07mm
  radius disagreement 72% on instance 7: distance transform 0.40mm vs frontier 1.43mm
  radius disagreement 69% on instance 8: distance transform 0.40mm vs frontier 1.31mm
lumen HU median=399 p25=392 p75=406 contrast_enhanced=True
components kept=1 dropped=0 caps=2 surface_points=18423
flood: T=241HU (0.603 x lumen ref 399HU) retries=6 leak=none growth=0.88 reached=5640
  search: 0.400->LEAK:growth 0.650->ok 0.525->LEAK:growth 0.588->LEAK:growth 0.619->ok 0.603->ok
  bone descent (ceiling 425HU, excised 0 voxels in 0 components): 0.578->LEAK:growth
components=15 candidates=15 neck=2.0mm rejected: no_contact_patch=0 end_cap=0 aortic_continuation=0 too_short=0
instances=15 from 15 candidates (split_components=0 absorbed_narrow_pieces=0 instance_too_short=0)
  # 0 comp=4 len=15.0mm traced=9.6mm (max_length) ostium=(3.1,8.7,45.2) patch=52mm2 disagree=2.5mm r=3.52mm (dt=3.02 frontier=3.52 vesselness=3.33) vness=3.96e-05
  # 1 comp=14 len=15.0mm traced=9.4mm (max_length) ostium=(7.9,-1.7,130.0) patch=40mm2 disagree=3.1mm r=3.07mm (dt=1.33 frontier=3.07 vesselness=3.33 MISMATCH) vness=5.44e-05
  # 2 comp=13 len=15.0mm traced=9.1mm (max_length) ostium=(7.1,3.9,121.2) patch=37mm2 disagree=2.8mm r=2.50mm (dt=1.97 frontier=2.50 vesselness=2.22) vness=7.33e-05
  # 3 comp=3 len=15.0mm traced=9.3mm (max_length) ostium=(-8.1,1.5,30.0) patch=27mm2 disagree=5.8mm r=2.78mm (dt=1.96 frontier=2.78 vesselness=2.22) vness=8.18e-05
  # 4 comp=12 len=15.0mm traced=9.9mm (max_length) ostium=(3.9,2.3,111.6) patch=31mm2 disagree=6.0mm r=2.46mm (dt=1.97 frontier=2.46 vesselness=2.22) vness=8.13e-05
  # 5 comp=5 len=15.0mm traced=9.2mm (max_length) ostium=(-5.7,-2.5,53.2) patch=26mm2 disagree=5.4mm r=2.37mm (dt=1.97 frontier=2.37 vesselness=2.22) vness=9.92e-05
  # 6 comp=9 len=15.0mm traced=9.9mm (max_length) ostium=(10.3,-8.9,91.6) patch=21mm2 disagree=2.6mm r=2.50mm (dt=1.85 frontier=2.50 vesselness=2.22) vness=0.000104
  # 7 comp=2 len=14.8mm traced=5.3mm (bifurcation@5.4mm) ostium=(8.7,0.7,3.6) patch=7mm2 disagree=1.2mm r=1.43mm (dt=0.40 frontier=1.43 MISMATCH) vness=1.06e-07
  # 8 comp=15 len=14.9mm traced=8.7mm (max_length@12.9mm) ostium=(30.3,-0.1,144.4) patch=17mm2 disagree=2.7mm r=1.31mm (dt=0.40 frontier=1.31 MISMATCH) vness=1.55e-07
  # 9 comp=8 len=14.8mm traced=9.2mm (max_length) ostium=(2.3,-7.3,82.8) patch=8mm2 disagree=2.7mm r=1.46mm (dt=1.09 frontier=1.46 vesselness=1.48) vness=0.00022
  #10 comp=7 len=14.8mm traced=9.2mm (max_length) ostium=(-0.9,6.3,75.6) patch=8mm2 disagree=2.0mm r=0.90mm (dt=0.77 frontier=0.90 vesselness=1.48) vness=0.000222
  #11 comp=6 len=15.0mm traced=8.5mm (max_length) ostium=(-0.1,7.1,66.0) patch=10mm2 disagree=3.3mm r=1.03mm (dt=0.67 frontier=1.03 vesselness=1.48) vness=0.000266
  #12 comp=10 len=10.8mm traced=9.0mm (max_length) ostium=(6.3,-8.9,92.4) patch=8mm2 disagree=2.3mm r=1.21mm (dt=0.87 frontier=1.21 vesselness=1.48) vness=0.000177
  #13 comp=11 len=9.0mm traced=8.6mm (vessel_end) ostium=(2.3,-6.5,94.0) patch=7mm2 disagree=1.5mm r=1.11mm (dt=0.87 frontier=1.11 vesselness=1.48) vness=0.000307
  #14 comp=1 len=5.2mm traced=4.6mm (vessel_end) ostium=(8.7,0.7,-0.4) patch=10mm2 disagree=3.1mm r=0.70mm (dt=0.41 frontier=0.70 vesselness=2.22) vness=6e-07
timings: load_and_prepare_s=0.2s geometry_s=0.5s flood_s=1.0s candidates_s=1.1s parentage_s=0.0s tracing_s=0.4s
scoring: 15 instances, confidence threshold=0.50
  instance=  0 comp=4 confidence=0.96 status=KEPT
  instance=  1 comp=14 confidence=0.96 status=KEPT
  instance=  2 comp=13 confidence=0.97 status=KEPT
  instance=  3 comp=3 confidence=0.86 status=KEPT
  instance=  4 comp=12 confidence=0.85 status=KEPT
  instance=  5 comp=5 confidence=0.87 status=KEPT
  instance=  6 comp=9 confidence=0.93 status=KEPT
  instance=  7 comp=2 confidence=0.57 status=KEPT
  instance=  8 comp=15 confidence=0.53 status=KEPT
  instance=  9 comp=8 confidence=0.97 status=KEPT
  instance= 10 comp=7 confidence=1.00 status=KEPT
  instance= 11 comp=6 confidence=0.94 status=KEPT
  instance= 12 comp=10 confidence=0.99 status=KEPT
  instance= 13 comp=11 confidence=1.00 status=KEPT
  instance= 14 comp=1 confidence=0.00 status=VETOED (traced length 4.6mm < 5mm)
kept 14/15 as daughters
