  radius disagreement 79% on instance 0: distance transform 1.67mm vs frontier 8.03mm
  radius disagreement 100% on instance 1: distance transform 0.00mm vs frontier 8.05mm
lumen HU median=549 p25=541 p75=557 contrast_enhanced=True
components kept=1 dropped=0 caps=2 surface_points=18352
flood: T=262HU (0.478 x lumen ref 549HU) retries=6 leak=none growth=1.24 reached=20527
  search: 0.400->LEAK:growth 0.650->ok 0.525->ok 0.463->LEAK:growth 0.494->ok 0.478->ok
  bone descent (ceiling 578HU, excised 0 voxels in 0 components): 0.453->LEAK:growth
components=14 candidates=14 neck=2.0mm rejected: no_contact_patch=0 end_cap=0 aortic_continuation=0 too_short=0
instances=14 from 14 candidates (split_components=0 absorbed_narrow_pieces=1 instance_too_short=0)
  # 0 comp=12 len=15.0mm traced=9.0mm (max_length) ostium=(30.3,-0.1,142.8) patch=78mm2 disagree=6.8mm r=8.03mm (dt=1.67 frontier=8.03 MISMATCH) vness=3.16e-07
  # 1 comp=1 len=15.0mm traced=9.1mm (max_length) ostium=(9.5,-0.1,5.2) patch=76mm2 disagree=10.8mm r=8.05mm (dt=0.00 frontier=8.05 MISMATCH) vness=3.6e-07
  # 2 comp=3 len=15.0mm traced=9.6mm (max_length) ostium=(3.1,7.9,45.2) patch=40mm2 disagree=3.1mm r=3.83mm (dt=2.93 frontier=3.83 vesselness=3.33) vness=3.7e-05
  # 3 comp=2 len=15.0mm traced=9.9mm (max_length) ostium=(-8.1,2.3,30.8) patch=39mm2 disagree=2.6mm r=3.33mm (dt=2.57 frontier=3.33 vesselness=3.33) vness=5.18e-05
  # 4 comp=13 len=15.0mm traced=9.5mm (max_length) ostium=(7.1,4.7,120.4) patch=45mm2 disagree=3.7mm r=2.85mm (dt=2.30 frontier=2.85 vesselness=3.33) vness=5.32e-05
  # 5 comp=7 len=15.0mm traced=9.2mm (max_length) ostium=(2.3,-8.1,82.8) patch=33mm2 disagree=2.5mm r=2.62mm (dt=2.04 frontier=2.62 vesselness=2.22) vness=6.01e-05
  # 6 comp=6 len=15.0mm traced=9.4mm (max_length) ostium=(-0.1,6.3,75.6) patch=36mm2 disagree=2.5mm r=2.42mm (dt=1.96 frontier=2.42 vesselness=2.22) vness=4.82e-05
  # 7 comp=8 len=15.0mm traced=9.6mm (max_length) ostium=(10.3,-8.1,92.4) patch=19mm2 disagree=3.1mm r=2.66mm (dt=1.90 frontier=2.66 vesselness=2.22) vness=7.02e-05
  # 8 comp=5 len=15.0mm traced=9.5mm (max_length) ostium=(-0.1,7.9,66.0) patch=24mm2 disagree=2.6mm r=2.06mm (dt=1.66 frontier=2.06 vesselness=2.22) vness=5.2e-05
  # 9 comp=14 len=14.9mm traced=9.4mm (max_length) ostium=(8.7,-1.7,130.0) patch=20mm2 disagree=3.5mm r=1.76mm (dt=1.52 frontier=1.76 vesselness=1.48) vness=6.05e-05
  #10 comp=10 len=15.0mm traced=9.7mm (max_length) ostium=(2.3,-6.5,94.0) patch=27mm2 disagree=2.1mm r=1.66mm (dt=1.35 frontier=1.66 vesselness=1.48) vness=7.6e-05
  #11 comp=4 len=14.9mm traced=9.5mm (max_length) ostium=(-4.9,-3.3,53.2) patch=12mm2 disagree=3.6mm r=1.24mm (dt=1.02 frontier=1.24 vesselness=1.48) vness=7.6e-05
  #12 comp=11 len=14.9mm traced=9.2mm (max_length) ostium=(3.9,2.3,111.6) patch=9mm2 disagree=2.7mm r=1.61mm (dt=1.34 frontier=1.61 vesselness=1.48) vness=0.000154
  #13 comp=9 len=10.3mm traced=9.1mm (max_length) ostium=(6.3,-8.1,92.4) patch=5mm2 disagree=6.3mm r=1.59mm (dt=1.06 frontier=1.59 vesselness=1.48) vness=8.59e-05
timings: load_and_prepare_s=0.1s geometry_s=0.6s flood_s=0.9s candidates_s=1.0s parentage_s=0.0s tracing_s=0.4s
scoring: 14 instances, confidence threshold=0.50
  instance=  0 comp=12 confidence=0.02 status=BELOW_THRESHOLD (confidence 0.02 < 0.50)
  instance=  1 comp=1 confidence=0.00 status=BELOW_THRESHOLD (confidence 0.00 < 0.50)
  instance=  2 comp=3 confidence=0.78 status=KEPT
  instance=  3 comp=2 confidence=0.93 status=KEPT
  instance=  4 comp=13 confidence=0.94 status=KEPT
  instance=  5 comp=7 confidence=0.98 status=KEPT
  instance=  6 comp=6 confidence=0.98 status=KEPT
  instance=  7 comp=8 confidence=0.83 status=KEPT
  instance=  8 comp=5 confidence=0.98 status=KEPT
  instance=  9 comp=14 confidence=0.94 status=KEPT
  instance= 10 comp=10 confidence=1.00 status=KEPT
  instance= 11 comp=4 confidence=0.85 status=KEPT
  instance= 12 comp=11 confidence=0.97 status=KEPT
  instance= 13 comp=9 confidence=0.82 status=KEPT
kept 12/14 as daughters
