  radius disagreement 76% on instance 2: distance transform 0.51mm vs frontier 2.16mm
  radius disagreement 62% on instance 3: distance transform 0.52mm vs frontier 1.37mm
lumen HU median=249 p25=243 p75=255 contrast_enhanced=True
components kept=1 dropped=0 caps=2 surface_points=18423
flood: T=158HU (0.634 x lumen ref 249HU) retries=6 leak=none growth=1.09 reached=4685
  search: 0.400->LEAK:growth 0.650->ok 0.525->LEAK:growth 0.588->LEAK:growth 0.619->LEAK:growth 0.634->ok
  bone descent (ceiling 272HU, excised 0 voxels in 0 components): 0.609->LEAK:growth
components=11 candidates=10 neck=2.0mm rejected: no_contact_patch=0 end_cap=0 aortic_continuation=0 too_short=1
instances=10 from 10 candidates (split_components=0 absorbed_narrow_pieces=1 instance_too_short=0)
  # 0 comp=3 len=15.0mm traced=9.6mm (max_length) ostium=(3.1,8.7,45.2) patch=52mm2 disagree=2.5mm r=3.58mm (dt=2.87 frontier=3.58 vesselness=3.33) vness=2.94e-05
  # 1 comp=4 len=15.0mm traced=9.0mm (max_length) ostium=(-4.9,-3.3,53.2) patch=49mm2 disagree=3.3mm r=3.05mm (dt=2.50 frontier=3.05 vesselness=3.33) vness=3.49e-05
  # 2 comp=1 len=15.0mm traced=3.2mm (bifurcation@3.4mm) ostium=(8.7,-0.1,3.6) patch=8mm2 disagree=1.0mm r=2.16mm (dt=0.51 frontier=2.16 MISMATCH) vness=8.73e-08
  # 3 comp=10 len=14.9mm traced=3.6mm (bifurcation@3.9mm) ostium=(29.5,-0.9,141.2) patch=4mm2 disagree=1.4mm r=1.37mm (dt=0.52 frontier=1.37 vesselness=1.48 MISMATCH) vness=1.27e-07
  # 4 comp=6 len=15.0mm traced=9.9mm (max_length) ostium=(10.3,-8.9,91.6) patch=21mm2 disagree=2.6mm r=2.52mm (dt=1.85 frontier=2.52 vesselness=2.22) vness=7.68e-05
  # 5 comp=2 len=14.9mm traced=9.2mm (max_length) ostium=(-8.1,1.5,30.8) patch=16mm2 disagree=2.6mm r=1.76mm (dt=1.52 frontier=1.76 vesselness=2.22) vness=9.79e-05
  # 6 comp=5 len=14.9mm traced=9.7mm (max_length) ostium=(-0.9,5.5,76.4) patch=10mm2 disagree=1.7mm r=1.48mm (dt=1.10 frontier=1.48 vesselness=1.48) vness=0.000118
  # 7 comp=9 len=14.9mm traced=9.3mm (max_length) ostium=(3.9,2.3,111.6) patch=10mm2 disagree=3.3mm r=1.46mm (dt=1.24 frontier=1.46 vesselness=1.48) vness=0.000196
  # 8 comp=7 len=10.8mm traced=9.0mm (max_length) ostium=(6.3,-8.9,92.4) patch=8mm2 disagree=2.3mm r=1.24mm (dt=0.98 frontier=1.24 vesselness=1.48) vness=0.000119
  # 9 comp=8 len=8.1mm traced=6.9mm (vessel_end) ostium=(2.3,-6.5,93.2) patch=1mm2 disagree=1.8mm r=1.11mm (dt=0.81 frontier=1.11 vesselness=1.48) vness=0.000205
timings: load_and_prepare_s=0.3s geometry_s=0.5s flood_s=1.0s candidates_s=0.8s parentage_s=0.0s tracing_s=0.4s
scoring: 10 instances, confidence threshold=0.50
  instance=  0 comp=3 confidence=0.96 status=KEPT
  instance=  1 comp=4 confidence=0.95 status=KEPT
  instance=  2 comp=1 confidence=0.00 status=VETOED (traced length 3.2mm < 5mm)
  instance=  3 comp=10 confidence=0.00 status=VETOED (traced length 3.6mm < 5mm)
  instance=  4 comp=6 confidence=0.93 status=KEPT
  instance=  5 comp=2 confidence=0.98 status=KEPT
  instance=  6 comp=5 confidence=1.00 status=KEPT
  instance=  7 comp=9 confidence=0.95 status=KEPT
  instance=  8 comp=7 confidence=0.99 status=KEPT
  instance=  9 comp=8 confidence=0.99 status=KEPT
kept 8/10 as daughters
