  radius disagreement 66% on instance 2: distance transform 0.46mm vs frontier 1.37mm
  radius disagreement 58% on instance 9: distance transform 0.40mm vs frontier 0.95mm
lumen HU median=549 p25=541 p75=557 contrast_enhanced=True
components kept=1 dropped=0 caps=2 surface_points=18423
flood: T=323HU (0.588 x lumen ref 549HU) retries=6 leak=none growth=1.06 reached=6139
  search: 0.400->LEAK:growth 0.650->ok 0.525->LEAK:growth 0.588->ok 0.556->LEAK:growth 0.572->LEAK:growth
  bone descent (ceiling 579HU, excised 0 voxels in 0 components): 0.562->LEAK:growth
components=14 candidates=13 neck=2.0mm rejected: no_contact_patch=0 end_cap=0 aortic_continuation=0 too_short=1
instances=13 from 13 candidates (split_components=0 absorbed_narrow_pieces=0 instance_too_short=0)
  # 0 comp=3 len=15.0mm traced=9.6mm (max_length) ostium=(3.1,8.7,45.2) patch=52mm2 disagree=2.5mm r=3.54mm (dt=3.07 frontier=3.54 vesselness=3.33) vness=4.45e-05
  # 1 comp=10 len=15.0mm traced=9.6mm (max_length) ostium=(3.9,2.3,111.6) patch=38mm2 disagree=2.5mm r=2.83mm (dt=2.27 frontier=2.83 vesselness=3.33) vness=6.33e-05
  # 2 comp=12 len=14.9mm traced=6.2mm (bifurcation@7.9mm) ostium=(29.5,-0.1,142.8) patch=12mm2 disagree=2.2mm r=1.37mm (dt=0.46 frontier=1.37 MISMATCH) vness=1.5e-07
  # 3 comp=9 len=15.0mm traced=9.4mm (max_length) ostium=(2.3,-6.5,93.2) patch=36mm2 disagree=1.7mm r=2.71mm (dt=2.02 frontier=2.71 vesselness=3.33) vness=8.36e-05
  # 4 comp=5 len=15.0mm traced=9.0mm (max_length) ostium=(-0.1,7.1,66.8) patch=29mm2 disagree=5.8mm r=2.49mm (dt=2.03 frontier=2.49 vesselness=2.22) vness=0.000105
  # 5 comp=7 len=15.0mm traced=9.9mm (max_length) ostium=(10.3,-8.9,91.6) patch=21mm2 disagree=2.6mm r=2.49mm (dt=1.86 frontier=2.49 vesselness=2.22) vness=0.000111
  # 6 comp=13 len=15.0mm traced=9.0mm (max_length) ostium=(7.9,-1.7,130.0) patch=24mm2 disagree=3.3mm r=2.17mm (dt=1.75 frontier=2.17 vesselness=2.22) vness=0.000139
  # 7 comp=2 len=15.0mm traced=9.3mm (max_length) ostium=(-8.1,1.5,30.8) patch=17mm2 disagree=3.3mm r=1.94mm (dt=1.44 frontier=1.94 vesselness=2.22) vness=0.000139
  # 8 comp=11 len=15.0mm traced=9.4mm (max_length) ostium=(7.1,3.9,120.4) patch=28mm2 disagree=2.6mm r=1.98mm (dt=1.72 frontier=1.98 vesselness=2.22) vness=0.000126
  # 9 comp=1 len=14.9mm traced=6.8mm (bifurcation@7.9mm) ostium=(8.7,-0.1,2.0) patch=15mm2 disagree=3.3mm r=0.95mm (dt=0.40 frontier=0.95 MISMATCH) vness=3.31e-07
  #10 comp=4 len=14.9mm traced=9.2mm (max_length) ostium=(-4.9,-3.3,53.2) patch=12mm2 disagree=2.0mm r=1.21mm (dt=0.94 frontier=1.21 vesselness=1.48) vness=0.000164
  #11 comp=8 len=10.8mm traced=9.0mm (max_length) ostium=(6.3,-8.9,92.4) patch=8mm2 disagree=2.3mm r=1.21mm (dt=0.87 frontier=1.21 vesselness=1.48) vness=0.000189
  #12 comp=6 len=14.8mm traced=9.1mm (max_length) ostium=(2.3,-7.3,82.8) patch=4mm2 disagree=2.0mm r=1.14mm (dt=0.88 frontier=1.14 vesselness=1.48) vness=0.000384
timings: load_and_prepare_s=0.2s geometry_s=0.4s flood_s=1.0s candidates_s=1.2s parentage_s=0.0s tracing_s=0.3s
scoring: 13 instances, confidence threshold=0.50
  instance=  0 comp=3 confidence=0.96 status=KEPT
  instance=  1 comp=10 confidence=0.98 status=KEPT
  instance=  2 comp=12 confidence=0.55 status=KEPT
  instance=  3 comp=9 confidence=1.00 status=KEPT
  instance=  4 comp=5 confidence=0.86 status=KEPT
  instance=  5 comp=7 confidence=0.94 status=KEPT
  instance=  6 comp=13 confidence=0.95 status=KEPT
  instance=  7 comp=2 confidence=0.95 status=KEPT
  instance=  8 comp=11 confidence=0.98 status=KEPT
  instance=  9 comp=1 confidence=0.54 status=KEPT
  instance= 10 comp=4 confidence=1.00 status=KEPT
  instance= 11 comp=8 confidence=0.99 status=KEPT
  instance= 12 comp=6 confidence=0.98 status=KEPT
kept 13/13 as daughters
