  radius disagreement 68% on instance 1: distance transform 0.78mm vs frontier 2.41mm
  radius disagreement 85% on instance 4: distance transform 0.40mm vs frontier 2.58mm
lumen HU median=549 p25=541 p75=557 contrast_enhanced=True
components kept=1 dropped=0 caps=2 surface_points=18423
flood: T=323HU (0.588 x lumen ref 549HU) retries=6 leak=none growth=0.72 reached=3314
  search: 0.400->LEAK:growth 0.650->ok 0.525->LEAK:growth 0.588->ok 0.556->LEAK:growth 0.572->LEAK:growth
  bone descent (ceiling 579HU, excised 0 voxels in 0 components): 0.562->LEAK:growth
components=8 candidates=8 neck=2.0mm rejected: no_contact_patch=0 end_cap=0 aortic_continuation=0 too_short=0
instances=8 from 8 candidates (split_components=0 absorbed_narrow_pieces=0 instance_too_short=0)
  # 0 comp=3 len=15.0mm traced=9.6mm (max_length) ostium=(3.1,8.7,45.2) patch=52mm2 disagree=2.5mm r=3.52mm (dt=3.07 frontier=3.52 vesselness=3.33) vness=4.44e-05
  # 1 comp=1 len=14.8mm traced=2.8mm (bifurcation@3.4mm) ostium=(8.7,-0.1,1.2) patch=13mm2 disagree=2.1mm r=2.41mm (dt=0.78 frontier=2.41 MISMATCH) vness=2.26e-07
  # 2 comp=5 len=15.0mm traced=9.9mm (max_length) ostium=(10.3,-8.9,91.6) patch=21mm2 disagree=2.6mm r=2.52mm (dt=1.85 frontier=2.52 vesselness=2.22) vness=0.000118
  # 3 comp=7 len=15.0mm traced=9.4mm (max_length) ostium=(2.3,-6.5,94.0) patch=21mm2 disagree=1.5mm r=1.71mm (dt=1.36 frontier=1.71 vesselness=1.48) vness=0.000115
  # 4 comp=8 len=14.9mm traced=4.4mm (bifurcation@4.9mm) ostium=(30.3,-0.1,145.2) patch=18mm2 disagree=2.5mm r=2.58mm (dt=0.40 frontier=2.58 MISMATCH) vness=4.42e-07
  # 5 comp=4 len=14.9mm traced=9.3mm (max_length) ostium=(-0.9,6.3,75.6) patch=10mm2 disagree=2.1mm r=1.24mm (dt=0.89 frontier=1.24 vesselness=1.48) vness=0.000202
  # 6 comp=6 len=10.8mm traced=9.0mm (max_length) ostium=(6.3,-8.9,92.4) patch=8mm2 disagree=2.3mm r=1.21mm (dt=0.98 frontier=1.21 vesselness=1.48) vness=0.000193
  # 7 comp=2 len=14.8mm traced=8.9mm (max_length) ostium=(-8.1,1.5,30.8) patch=5mm2 disagree=6.8mm r=1.21mm (dt=0.88 frontier=1.21 vesselness=1.48) vness=0.000293
timings: load_and_prepare_s=0.2s geometry_s=0.4s flood_s=0.9s candidates_s=1.0s parentage_s=0.0s tracing_s=0.2s
scoring: 8 instances, confidence threshold=0.50
  instance=  0 comp=3 confidence=0.96 status=KEPT
  instance=  1 comp=1 confidence=0.00 status=VETOED (traced length 2.8mm < 5mm)
  instance=  2 comp=5 confidence=0.94 status=KEPT
  instance=  3 comp=7 confidence=1.00 status=KEPT
  instance=  4 comp=8 confidence=0.00 status=VETOED (traced length 4.4mm < 5mm)
  instance=  5 comp=4 confidence=0.96 status=KEPT
  instance=  6 comp=6 confidence=0.99 status=KEPT
  instance=  7 comp=2 confidence=0.85 status=KEPT
kept 6/8 as daughters
