  radius disagreement 100% on instance 0: distance transform 0.00mm vs frontier 3.79mm
  radius disagreement 83% on instance 1: distance transform 0.59mm vs frontier 3.51mm
  radius disagreement 87% on instance 3: distance transform 0.40mm vs frontier 3.09mm
lumen HU median=249 p25=238 p75=260 contrast_enhanced=True
components kept=1 dropped=0 caps=2 surface_points=17712
flood: T=150HU (0.603 x lumen ref 249HU) retries=6 leak=none growth=1.23 reached=8144
  search: 0.400->LEAK:growth 0.650->ok 0.525->LEAK:growth 0.588->LEAK:growth 0.619->ok 0.603->ok
  bone descent (ceiling 287HU, excised 0 voxels in 0 components): 0.578->LEAK:growth
components=14 candidates=14 neck=2.0mm rejected: no_contact_patch=0 end_cap=0 aortic_continuation=0 too_short=0
instances=14 from 14 candidates (split_components=0 absorbed_narrow_pieces=1 instance_too_short=0)
  # 0 comp=14 len=15.0mm traced=2.0mm (bifurcation@3.4mm) ostium=(30.2,-0.2,143.6) patch=26mm2 disagree=4.6mm r=3.79mm (dt=0.00 frontier=3.79 MISMATCH) vness=1.84e-07
  # 1 comp=1 len=15.0mm traced=2.8mm (bifurcation@3.4mm) ostium=(8.6,-0.2,2.0) patch=24mm2 disagree=5.9mm r=3.51mm (dt=0.59 frontier=3.51 MISMATCH) vness=2.21e-07
  # 2 comp=3 len=15.0mm traced=9.9mm (max_length) ostium=(3.8,8.6,44.4) patch=43mm2 disagree=2.7mm r=3.64mm (dt=2.89 frontier=3.64 vesselness=3.33) vness=3.49e-05
  # 3 comp=6 len=15.0mm traced=9.7mm (max_length) ostium=(-1.0,5.4,75.6) patch=45mm2 disagree=3.8mm r=3.09mm (dt=0.40 frontier=3.09 vesselness=1.48 MISMATCH) vness=5.07e-05
  # 4 comp=13 len=15.0mm traced=8.9mm (max_length) ostium=(8.6,-1.8,130.0) patch=36mm2 disagree=3.5mm r=2.81mm (dt=2.14 frontier=2.81 vesselness=3.33) vness=6.79e-05
  # 5 comp=11 len=15.0mm traced=9.9mm (max_length) ostium=(3.8,2.2,111.6) patch=29mm2 disagree=2.5mm r=2.47mm (dt=2.06 frontier=2.47 vesselness=2.22) vness=0.000101
  # 6 comp=8 len=15.0mm traced=9.6mm (max_length) ostium=(10.2,-8.2,92.4) patch=18mm2 disagree=3.1mm r=2.62mm (dt=1.92 frontier=2.62 vesselness=2.22) vness=9.98e-05
  # 7 comp=4 len=14.9mm traced=9.2mm (max_length) ostium=(-5.8,-2.6,53.2) patch=13mm2 disagree=1.9mm r=1.56mm (dt=1.27 frontier=1.56 vesselness=1.48) vness=0.000142
  # 8 comp=12 len=15.0mm traced=9.5mm (max_length) ostium=(6.2,3.0,121.2) patch=13mm2 disagree=1.4mm r=1.51mm (dt=1.07 frontier=1.51 vesselness=1.48) vness=0.000144
  # 9 comp=2 len=15.0mm traced=9.9mm (max_length) ostium=(-7.4,1.4,30.8) patch=9mm2 disagree=2.7mm r=1.66mm (dt=0.95 frontier=1.66 vesselness=1.48) vness=0.000164
  #10 comp=5 len=15.0mm traced=9.2mm (max_length) ostium=(0.6,7.8,66.0) patch=9mm2 disagree=5.3mm r=1.40mm (dt=0.92 frontier=1.40 vesselness=1.48) vness=9.58e-05
  #11 comp=10 len=15.0mm traced=9.7mm (max_length) ostium=(2.2,-5.8,94.0) patch=8mm2 disagree=3.6mm r=1.28mm (dt=0.87 frontier=1.28 vesselness=1.48) vness=0.000111
  #12 comp=9 len=14.9mm traced=9.2mm (max_length) ostium=(6.2,-8.2,93.2) patch=6mm2 disagree=2.6mm r=1.24mm (dt=1.06 frontier=1.24 vesselness=1.48) vness=0.000263
  #13 comp=7 len=14.9mm traced=8.7mm (max_length) ostium=(2.2,-7.4,82.8) patch=4mm2 disagree=2.4mm r=0.90mm (dt=0.74 frontier=0.90 vesselness=1.48) vness=0.000231
timings: load_and_prepare_s=0.3s geometry_s=0.5s flood_s=1.0s candidates_s=1.5s parentage_s=0.0s tracing_s=0.3s
scoring: 14 instances, confidence threshold=0.50
  instance=  0 comp=14 confidence=0.00 status=VETOED (traced length 2.0mm < 5mm)
  instance=  1 comp=1 confidence=0.00 status=VETOED (traced length 2.8mm < 5mm)
  instance=  2 comp=3 confidence=0.87 status=KEPT
  instance=  3 comp=6 confidence=0.93 status=KEPT
  instance=  4 comp=13 confidence=0.94 status=KEPT
  instance=  5 comp=11 confidence=0.98 status=KEPT
  instance=  6 comp=8 confidence=0.83 status=KEPT
  instance=  7 comp=4 confidence=1.00 status=KEPT
  instance=  8 comp=12 confidence=1.00 status=KEPT
  instance=  9 comp=2 confidence=0.87 status=KEPT
  instance= 10 comp=5 confidence=0.88 status=KEPT
  instance= 11 comp=10 confidence=0.94 status=KEPT
  instance= 12 comp=9 confidence=0.87 status=KEPT
  instance= 13 comp=7 confidence=0.99 status=KEPT
kept 12/14 as daughters
