  radius disagreement 80% on instance 1: distance transform 0.48mm vs frontier 2.41mm
  radius disagreement 74% on instance 2: distance transform 0.40mm vs frontier 1.56mm
lumen HU median=549 p25=541 p75=557 contrast_enhanced=True
components kept=1 dropped=0 caps=2 surface_points=18423
flood: T=323HU (0.588 x lumen ref 549HU) retries=6 leak=none growth=1.58 reached=3925
  search: 0.400->LEAK:growth 0.650->ok 0.525->LEAK:growth 0.588->ok 0.556->LEAK:growth 0.572->LEAK:growth
  bone descent (ceiling 579HU, excised 0 voxels in 0 components): 0.562->LEAK:growth
components=7 candidates=7 neck=2.0mm rejected: no_contact_patch=0 end_cap=0 aortic_continuation=0 too_short=0
instances=7 from 7 candidates (split_components=0 absorbed_narrow_pieces=0 instance_too_short=0)
  # 0 comp=3 len=15.0mm traced=9.6mm (max_length) ostium=(3.1,8.7,45.2) patch=52mm2 disagree=2.5mm r=3.57mm (dt=3.05 frontier=3.57 vesselness=3.33) vness=4.44e-05
  # 1 comp=1 len=15.0mm traced=4.0mm (bifurcation@4.4mm) ostium=(8.7,-0.1,2.0) patch=21mm2 disagree=1.7mm r=2.41mm (dt=0.48 frontier=2.41 MISMATCH) vness=2.27e-07
  # 2 comp=7 len=15.0mm traced=6.0mm (bifurcation@7.4mm) ostium=(30.3,0.7,144.4) patch=26mm2 disagree=2.4mm r=1.56mm (dt=0.40 frontier=1.56 MISMATCH) vness=5.01e-08
  # 3 comp=5 len=15.0mm traced=9.9mm (max_length) ostium=(10.3,-8.9,91.6) patch=21mm2 disagree=2.6mm r=2.49mm (dt=1.89 frontier=2.49 vesselness=2.22) vness=0.000112
  # 4 comp=4 len=14.9mm traced=9.2mm (max_length) ostium=(-5.7,-2.5,53.2) patch=16mm2 disagree=5.4mm r=1.78mm (dt=1.42 frontier=1.78 vesselness=2.22) vness=0.000108
  # 5 comp=2 len=14.9mm traced=9.2mm (max_length) ostium=(-8.1,1.5,30.8) patch=10mm2 disagree=2.6mm r=1.51mm (dt=1.27 frontier=1.51 vesselness=1.48) vness=0.000176
  # 6 comp=6 len=10.8mm traced=9.0mm (max_length) ostium=(6.3,-8.9,92.4) patch=8mm2 disagree=2.3mm r=1.21mm (dt=0.87 frontier=1.21 vesselness=1.48) vness=0.000197
timings: load_and_prepare_s=0.2s geometry_s=0.4s flood_s=1.0s candidates_s=0.6s parentage_s=0.0s tracing_s=0.2s
scoring: 7 instances, confidence threshold=0.50
  instance=  0 comp=3 confidence=0.96 status=KEPT
  instance=  1 comp=1 confidence=0.00 status=VETOED (traced length 4.0mm < 5mm)
  instance=  2 comp=7 confidence=0.64 status=KEPT
  instance=  3 comp=5 confidence=0.94 status=KEPT
  instance=  4 comp=4 confidence=0.87 status=KEPT
  instance=  5 comp=2 confidence=0.98 status=KEPT
  instance=  6 comp=6 confidence=0.99 status=KEPT
kept 6/7 as daughters
