Looking in links: c:\tung-tung-saharteries\reports\offline_windows_py311\wheels
Processing c:\tung-tung-saharteries\reports\offline_windows_py311\wheels\colorama-0.4.6-py2.py3-none-any.whl (from -r C:\tung-tung-saharteries\reports\offline_windows_py311\requirements.txt (line 1))
Processing c:\tung-tung-saharteries\reports\offline_windows_py311\wheels\contourpy-1.3.3-cp311-cp311-win_amd64.whl (from -r C:\tung-tung-saharteries\reports\offline_windows_py311\requirements.txt (line 2))
Processing c:\tung-tung-saharteries\reports\offline_windows_py311\wheels\cycler-0.12.1-py3-none-any.whl (from -r C:\tung-tung-saharteries\reports\offline_windows_py311\requirements.txt (line 3))
Processing c:\tung-tung-saharteries\reports\offline_windows_py311\wheels\fonttools-4.63.0-cp311-cp311-win_amd64.whl (from -r C:\tung-tung-saharteries\reports\offline_windows_py311\requirements.txt (line 4))
Processing c:\tung-tung-saharteries\reports\offline_windows_py311\wheels\imageio-2.37.4-py3-none-any.whl (from -r C:\tung-tung-saharteries\reports\offline_windows_py311\requirements.txt (line 5))
Processing c:\tung-tung-saharteries\reports\offline_windows_py311\wheels\importlib_resources-7.1.0-py3-none-any.whl (from -r C:\tung-tung-saharteries\reports\offline_windows_py311\requirements.txt (line 6))
Processing c:\tung-tung-saharteries\reports\offline_windows_py311\wheels\iniconfig-2.3.0-py3-none-any.whl (from -r C:\tung-tung-saharteries\reports\offline_windows_py311\requirements.txt (line 7))
Processing c:\tung-tung-saharteries\reports\offline_windows_py311\wheels\kiwisolver-1.5.0-cp311-cp311-win_amd64.whl (from -r C:\tung-tung-saharteries\reports\offline_windows_py311\requirements.txt (line 8))
Processing c:\tung-tung-saharteries\reports\offline_windows_py311\wheels\lazy_loader-0.5-py3-none-any.whl (from -r C:\tung-tung-saharteries\reports\offline_windows_py311\requirements.txt (line 9))
Processing c:\tung-tung-saharteries\reports\offline_windows_py311\wheels\matplotlib-3.11.1-cp311-cp311-win_amd64.whl (from -r C:\tung-tung-saharteries\reports\offline_windows_py311\requirements.txt (line 10))
Processing c:\tung-tung-saharteries\reports\offline_windows_py311\wheels\networkx-3.6.1-py3-none-any.whl (from -r C:\tung-tung-saharteries\reports\offline_windows_py311\requirements.txt (line 11))
Processing c:\tung-tung-saharteries\reports\offline_windows_py311\wheels\nibabel-5.4.2-py3-none-any.whl (from -r C:\tung-tung-saharteries\reports\offline_windows_py311\requirements.txt (line 12))
Processing c:\tung-tung-saharteries\reports\offline_windows_py311\wheels\numpy-2.4.6-cp311-cp311-win_amd64.whl (from -r C:\tung-tung-saharteries\reports\offline_windows_py311\requirements.txt (line 13))
Processing c:\tung-tung-saharteries\reports\offline_windows_py311\wheels\packaging-26.3-py3-none-any.whl (from -r C:\tung-tung-saharteries\reports\offline_windows_py311\requirements.txt (line 14))
Processing c:\tung-tung-saharteries\reports\offline_windows_py311\wheels\pillow-12.3.0-cp311-cp311-win_amd64.whl (from -r C:\tung-tung-saharteries\reports\offline_windows_py311\requirements.txt (line 15))
Processing c:\tung-tung-saharteries\reports\offline_windows_py311\wheels\pluggy-1.6.0-py3-none-any.whl (from -r C:\tung-tung-saharteries\reports\offline_windows_py311\requirements.txt (line 16))
Processing c:\tung-tung-saharteries\reports\offline_windows_py311\wheels\psutil-7.2.2-cp37-abi3-win_amd64.whl (from -r C:\tung-tung-saharteries\reports\offline_windows_py311\requirements.txt (line 17))
Processing c:\tung-tung-saharteries\reports\offline_windows_py311\wheels\pygments-2.20.0-py3-none-any.whl (from -r C:\tung-tung-saharteries\reports\offline_windows_py311\requirements.txt (line 18))
Processing c:\tung-tung-saharteries\reports\offline_windows_py311\wheels\pyparsing-3.3.2-py3-none-any.whl (from -r C:\tung-tung-saharteries\reports\offline_windows_py311\requirements.txt (line 19))
Processing c:\tung-tung-saharteries\reports\offline_windows_py311\wheels\pytest-9.1.1-py3-none-any.whl (from -r C:\tung-tung-saharteries\reports\offline_windows_py311\requirements.txt (line 20))
Processing c:\tung-tung-saharteries\reports\offline_windows_py311\wheels\python_dateutil-2.9.0.post0-py2.py3-none-any.whl (from -r C:\tung-tung-saharteries\reports\offline_windows_py311\requirements.txt (line 21))
Processing c:\tung-tung-saharteries\reports\offline_windows_py311\wheels\scikit_image-0.26.0-cp311-cp311-win_amd64.whl (from -r C:\tung-tung-saharteries\reports\offline_windows_py311\requirements.txt (line 22))
Processing c:\tung-tung-saharteries\reports\offline_windows_py311\wheels\scipy-1.17.1-cp311-cp311-win_amd64.whl (from -r C:\tung-tung-saharteries\reports\offline_windows_py311\requirements.txt (line 23))
Processing c:\tung-tung-saharteries\reports\offline_windows_py311\wheels\simpleitk-2.5.6-cp311-abi3-win_amd64.whl (from -r C:\tung-tung-saharteries\reports\offline_windows_py311\requirements.txt (line 24))
Processing c:\tung-tung-saharteries\reports\offline_windows_py311\wheels\six-1.17.0-py2.py3-none-any.whl (from -r C:\tung-tung-saharteries\reports\offline_windows_py311\requirements.txt (line 25))
Processing c:\tung-tung-saharteries\reports\offline_windows_py311\wheels\tifffile-2026.3.3-py3-none-any.whl (from -r C:\tung-tung-saharteries\reports\offline_windows_py311\requirements.txt (line 26))
Processing c:\tung-tung-saharteries\reports\offline_windows_py311\wheels\trimesh-5.1.0-py3-none-any.whl (from -r C:\tung-tung-saharteries\reports\offline_windows_py311\requirements.txt (line 27))
Processing c:\tung-tung-saharteries\reports\offline_windows_py311\wheels\typing_extensions-4.16.0-py3-none-any.whl (from -r C:\tung-tung-saharteries\reports\offline_windows_py311\requirements.txt (line 28))
Installing collected packages: simpleitk, typing-extensions, six, pyparsing, pygments, psutil, pluggy, pillow, packaging, numpy, networkx, kiwisolver, iniconfig, importlib-resources, fonttools, cycler, colorama, trimesh, tifffile, scipy, python-dateutil, pytest, nibabel, lazy-loader, imageio, contourpy, scikit-image, matplotlib
Successfully installed colorama-0.4.6 contourpy-1.3.3 cycler-0.12.1 fonttools-4.63.0 imageio-2.37.4 importlib-resources-7.1.0 iniconfig-2.3.0 kiwisolver-1.5.0 lazy-loader-0.5 matplotlib-3.11.1 networkx-3.6.1 nibabel-5.4.2 numpy-2.4.6 packaging-26.3 pillow-12.3.0 pluggy-1.6.0 psutil-7.2.2 pygments-2.20.0 pyparsing-3.3.2 pytest-9.1.1 python-dateutil-2.9.0.post0 scikit-image-0.26.0 scipy-1.17.1 simpleitk-2.5.6 six-1.17.0 tifffile-2026.3.3 trimesh-5.1.0 typing-extensions-4.16.0

No broken requirements found.

Offline imports passed
