lumen HU median=489 p25=461 p75=502 contrast_enhanced=True
components kept=1 dropped=0 caps=2 surface_points=12394
flood: T=272HU (0.556 x lumen ref 489HU) retries=6 leak=none growth=0.82 reached=5110
  search: 0.400->LEAK:growth 0.650->ok 0.525->LEAK:growth 0.588->ok 0.556->ok 0.541->LEAK:growth
  bone descent (ceiling 520HU, excised 0 voxels in 0 components): 0.531->LEAK:growth
components=7 candidates=6 neck=2.0mm rejected: no_contact_patch=0 end_cap=0 aortic_continuation=0 too_short=1
instances=6 from 6 candidates (split_components=0 absorbed_narrow_pieces=0 instance_too_short=0)
  # 0 comp=6 len=15.0mm traced=8.6mm (max_length) ostium=(17.3,19.1,1643.8) patch=116mm2 disagree=9.1mm r=3.98mm (dt=3.34 frontier=3.98 vesselness=3.33) vness=1.95e-05
  # 1 comp=5 len=15.0mm traced=9.4mm (max_length) ostium=(13.3,15.9,1627.8) patch=86mm2 disagree=5.1mm r=4.07mm (dt=3.32 frontier=4.07 vesselness=3.33) vness=2.31e-05
  # 2 comp=3 len=15.0mm traced=9.1mm (max_length) ostium=(3.7,18.3,1613.4) patch=66mm2 disagree=4.3mm r=2.88mm (dt=2.06 frontier=2.88 vesselness=2.22) vness=3.21e-05
  # 3 comp=4 len=14.9mm traced=9.1mm (max_length) ostium=(16.5,20.7,1607.8) patch=48mm2 disagree=4.4mm r=2.84mm (dt=2.20 frontier=2.84 vesselness=2.22) vness=4.33e-05
  # 4 comp=2 len=14.8mm traced=9.5mm (max_length) ostium=(10.1,-1.7,1553.4) patch=17mm2 disagree=3.9mm r=0.95mm (dt=0.79 frontier=0.95 vesselness=1.48) vness=5.04e-05
  # 5 comp=1 len=12.2mm traced=9.4mm (max_length) ostium=(11.7,7.1,1540.6) patch=8mm2 disagree=2.5mm r=1.18mm (dt=0.76 frontier=1.18 vesselness=1.48) vness=8.55e-05
timings: load_and_prepare_s=0.8s geometry_s=0.4s flood_s=0.9s candidates_s=0.7s parentage_s=0.0s tracing_s=0.1s
scoring: 6 instances, confidence threshold=0.50
  instance=  0 comp=6 confidence=0.46 status=BELOW_THRESHOLD (confidence 0.46 < 0.50)
  instance=  1 comp=5 confidence=0.42 status=BELOW_THRESHOLD (confidence 0.42 < 0.50)
  instance=  2 comp=3 confidence=0.71 status=KEPT
  instance=  3 comp=4 confidence=0.85 status=KEPT
  instance=  4 comp=2 confidence=0.59 status=KEPT
  instance=  5 comp=1 confidence=0.78 status=KEPT
kept 4/6 as daughters
