  radius disagreement 56% on instance 0: distance transform 2.13mm vs frontier 4.79mm
lumen HU median=455 p25=441 p75=468 contrast_enhanced=True
components kept=1 dropped=0 caps=2 surface_points=13084
flood: T=185HU (0.406 x lumen ref 455HU) retries=7 leak=none growth=1.09 reached=8882
  search: 0.400->LEAK:growth 0.650->ok 0.525->ok 0.463->ok 0.431->ok 0.416->LEAK:growth
  bone descent (ceiling 497HU, excised 347 voxels in 1 components): 0.406->LEAK:growth 0.406(-347bone)->ok
components=10 candidates=6 neck=2.0mm rejected: no_contact_patch=0 end_cap=0 aortic_continuation=1 too_short=3
  rejected aortic_continuation: label=9 len=15.0mm r~4.7mm (radius 0.50x local aorta)
instances=6 from 6 candidates (split_components=0 absorbed_narrow_pieces=1 instance_too_short=0)
  # 0 comp=5 len=15.0mm traced=8.9mm (max_length) ostium=(15.8,0.8,1620.2) patch=15mm2 disagree=2.2mm r=4.79mm (dt=2.13 frontier=4.79 vesselness=3.33 MISMATCH) vness=8.66e-06
  # 1 comp=6 len=15.0mm traced=8.7mm (max_length) ostium=(11.0,-8.0,1626.6) patch=111mm2 disagree=4.8mm r=3.50mm (dt=2.30 frontier=3.50 vesselness=2.22) vness=4.4e-05
  # 2 comp=8 len=15.0mm traced=9.0mm (max_length) ostium=(19.8,-5.6,1649.8) patch=67mm2 disagree=3.1mm r=3.27mm (dt=2.76 frontier=3.27 vesselness=3.33) vness=5.67e-05
  # 3 comp=7 len=15.0mm traced=9.0mm (max_length) ostium=(24.6,-6.4,1625.8) patch=83mm2 disagree=3.4mm r=3.05mm (dt=2.30 frontier=3.05 vesselness=3.33) vness=7.88e-05
  # 4 comp=3 len=15.0mm traced=9.2mm (max_length) ostium=(2.2,-4.8,1560.2) patch=12mm2 disagree=1.5mm r=1.37mm (dt=1.02 frontier=1.37 vesselness=1.48) vness=7.83e-05
  # 5 comp=2 len=15.0mm traced=8.9mm (max_length) ostium=(11.0,-18.4,1571.4) patch=25mm2 disagree=4.4mm r=1.03mm (dt=0.98 frontier=1.03 vesselness=1.48) vness=0.000198
timings: load_and_prepare_s=0.8s geometry_s=0.4s flood_s=0.9s candidates_s=0.9s parentage_s=0.0s tracing_s=0.1s
scoring: 6 instances, confidence threshold=0.50
  instance=  0 comp=5 confidence=0.79 status=KEPT
  instance=  1 comp=6 confidence=0.64 status=KEPT
  instance=  2 comp=8 confidence=0.88 status=KEPT
  instance=  3 comp=7 confidence=0.91 status=KEPT
  instance=  4 comp=3 confidence=0.96 status=KEPT
  instance=  5 comp=2 confidence=0.45 status=BELOW_THRESHOLD (confidence 0.45 < 0.50)
kept 5/6 as daughters
