  radius disagreement 50% on instance 0: distance transform 2.51mm vs frontier 5.04mm
  radius disagreement 79% on instance 1: distance transform 1.03mm vs frontier 5.03mm
  radius disagreement 54% on instance 2: distance transform 0.67mm vs frontier 1.46mm
  radius disagreement 100% on instance 5: distance transform 0.00mm vs frontier 2.81mm
  radius disagreement 52% on instance 6: distance transform 1.13mm vs frontier 2.34mm
  radius disagreement 64% on instance 12: distance transform 0.51mm vs frontier 1.43mm
  radius disagreement 50% on instance 13: distance transform 0.58mm vs frontier 0.29mm
lumen HU median=303 p25=290 p75=316 contrast_enhanced=True
components kept=1 dropped=0 caps=2 surface_points=10506
flood: T=127HU (0.419 x lumen ref 303HU) retries=18 leak=none growth=0.99 reached=37590
  search: 0.400->LEAK:growth 0.650->ok 0.525->LEAK:growth 0.588->LEAK:growth 0.619->ok 0.603->LEAK:growth
  bone descent (ceiling 345HU, excised 20080 voxels in 15 components): 0.594->LEAK:growth 0.594(-3919bone)->ok 0.569(-3919bone)->LEAK:growth 0.569(-6441bone)->ok 0.544(-6441bone)->LEAK:growth 0.544(-11410bone)->ok 0.519(-11410bone)->ok 0.494(-11410bone)->ok 0.469(-11410bone)->ok 0.444(-11410bone)->LEAK:growth 0.444(-15206bone)->ok 0.419(-15206bone)->LEAK:growth 0.419(-20080bone)->ok
components=57 candidates=15 neck=2.0mm rejected: no_contact_patch=0 end_cap=0 aortic_continuation=2 too_short=40
  rejected aortic_continuation: label=30 len=15.0mm r~14.5mm (radius 2.18x local aorta, 4deg from centerline)
  rejected aortic_continuation: label=55 len=2.4mm r~0.0mm (9deg from centerline)
instances=16 from 15 candidates (split_components=1 absorbed_narrow_pieces=0 instance_too_short=1)
  # 0 comp=39 len=15.0mm traced=8.8mm (max_length) ostium=(12.2,38.7,-990.4) patch=33mm2 disagree=3.0mm r=5.04mm (dt=2.51 frontier=5.04 vesselness=3.33 MISMATCH) vness=6.22e-07
  # 1 comp=2 len=14.9mm traced=5.0mm (bifurcation@5.9mm) ostium=(17.8,27.5,-1056.8) patch=506mm2 disagree=23.7mm r=5.03mm (dt=1.03 frontier=5.03 vesselness=1.48 MISMATCH) vness=1.22e-06 seed<5mm
  # 2 comp=1 len=15.0mm traced=9.1mm (max_length) ostium=(10.6,41.1,-1078.4) patch=37mm2 disagree=2.8mm r=1.46mm (dt=0.67 frontier=1.46 vesselness=1.48 MISMATCH) vness=8.82e-08 split=disjoint_patches+watershed shares=#3@0.8mm
  # 3 comp=1 len=12.9mm traced=9.7mm (max_length) ostium=(14.6,42.7,-1079.2) patch=19mm2 disagree=6.3mm r=1.69mm (dt=0.96 frontier=1.69 vesselness=1.48) vness=8.82e-08 split=disjoint_patches+watershed shares=#2@0.8mm,#4@5.6mm
  # 4 comp=1 len=15.0mm traced=8.5mm (max_length) ostium=(12.2,39.5,-1072.0) patch=15mm2 disagree=2.6mm r=1.18mm (dt=0.88 frontier=1.18 vesselness=1.48) vness=8.82e-08 split=disjoint_patches shares=#3@5.6mm
  # 5 comp=51 len=15.0mm traced=2.5mm (bifurcation@3.4mm) ostium=(11.4,45.1,-952.8) patch=78mm2 disagree=3.9mm r=2.81mm (dt=0.00 frontier=2.81 MISMATCH) vness=0 seed<5mm
  # 6 comp=18 len=14.9mm traced=3.8mm (bifurcation@4.9mm) ostium=(17.8,38.7,-1052.8) patch=31mm2 disagree=2.6mm r=2.34mm (dt=1.13 frontier=2.34 vesselness=1.48 MISMATCH) vness=2.94e-06 seed<5mm
  # 7 comp=25 len=14.9mm traced=9.3mm (max_length) ostium=(20.2,29.9,-1030.4) patch=58mm2 disagree=2.6mm r=1.98mm (dt=1.20 frontier=1.98 vesselness=1.48) vness=5.02e-05
  # 8 comp=34 len=15.0mm traced=4.2mm (bifurcation@4.9mm) ostium=(17.0,37.9,-1016.0) patch=14mm2 disagree=2.4mm r=1.54mm (dt=1.05 frontier=1.54 vesselness=1.48) vness=1.03e-05 seed<5mm
  # 9 comp=32 len=14.9mm traced=9.0mm (max_length) ostium=(9.0,33.9,-1019.2) patch=25mm2 disagree=2.8mm r=1.11mm (dt=0.88 frontier=1.11 vesselness=1.48) vness=4.58e-05
  #10 comp=47 len=15.0mm traced=8.7mm (max_length) ostium=(20.2,34.7,-972.0) patch=44mm2 disagree=2.6mm r=0.99mm (dt=0.65 frontier=0.99 vesselness=1.48) vness=0.000132
  #11 comp=19 len=14.8mm traced=9.4mm (max_length) ostium=(10.6,34.7,-1052.0) patch=42mm2 disagree=2.8mm r=1.07mm (dt=1.07 frontier=1.07 vesselness=1.48) vness=4.11e-05
  #12 comp=20 len=5.8mm traced=4.9mm (vessel_end) ostium=(20.2,29.1,-1044.0) patch=22mm2 disagree=2.4mm r=1.43mm (dt=0.51 frontier=1.43 vesselness=1.48 MISMATCH) vness=7.15e-07 seed<5mm
  #13 comp=33 len=14.1mm traced=7.9mm (max_length) ostium=(10.6,36.3,-1016.0) patch=11mm2 disagree=2.4mm r=0.29mm (dt=0.58 frontier=0.29 MISMATCH) vness=0
  #14 comp=36 len=8.4mm traced=7.3mm (vessel_end) ostium=(13.8,37.9,-1013.6) patch=15mm2 disagree=1.4mm r=0.49mm (dt=0.47 frontier=0.49) vness=0
  #15 comp=35 len=11.1mm traced=6.2mm (max_length) ostium=(11.4,36.3,-1012.8) patch=8mm2 disagree=2.5mm r=0.49mm (dt=0.56 frontier=0.49) vness=0
timings: load_and_prepare_s=2.7s geometry_s=0.5s flood_s=4.5s candidates_s=2.6s parentage_s=0.2s tracing_s=0.8s
scoring: 16 instances, confidence threshold=0.50
  instance=  0 comp=39 confidence=0.75 status=KEPT
  instance=  1 comp=2 confidence=0.00 status=VETOED (traced length 5.0mm < 5mm)
  instance=  2 comp=1 confidence=0.79 status=KEPT
  instance=  3 comp=1 confidence=0.69 status=KEPT
  instance=  4 comp=1 confidence=0.92 status=KEPT
  instance=  5 comp=51 confidence=0.00 status=VETOED (traced length 2.5mm < 5mm)
  instance=  6 comp=18 confidence=0.00 status=VETOED (traced length 3.8mm < 5mm)
  instance=  7 comp=25 confidence=0.95 status=KEPT
  instance=  8 comp=34 confidence=0.00 status=VETOED (traced length 4.2mm < 5mm)
  instance=  9 comp=32 confidence=0.89 status=KEPT
  instance= 10 comp=47 confidence=0.82 status=KEPT
  instance= 11 comp=19 confidence=0.92 status=KEPT
  instance= 12 comp=20 confidence=0.00 status=VETOED (traced length 4.9mm < 5mm)
  instance= 13 comp=33 confidence=0.00 status=VETOED (radius 0.29mm < 0.70mm (1.0mm minimum less 0.3mm measurement-noise margin))
  instance= 14 comp=36 confidence=0.00 status=VETOED (radius 0.49mm < 0.70mm (1.0mm minimum less 0.3mm measurement-noise margin))
  instance= 15 comp=35 confidence=0.00 status=VETOED (radius 0.49mm < 0.70mm (1.0mm minimum less 0.3mm measurement-noise margin))
kept 8/16 as daughters
