  radius disagreement 51% on instance 0: distance transform 3.58mm vs frontier 7.25mm
  radius disagreement 66% on instance 1: distance transform 1.57mm vs frontier 4.66mm
  radius disagreement 50% on instance 2: distance transform 3.85mm vs frontier 7.70mm
lumen HU median=482 p25=463 p75=498 contrast_enhanced=True
components kept=1 dropped=0 caps=2 surface_points=72799
flood: T=374HU (0.775 x lumen ref 482HU) retries=6 leak=none growth=1.10 reached=26448
  search: 0.400->LEAK:growth 0.650->LEAK:growth 0.775->ok 0.713->LEAK:growth 0.744->LEAK:growth 0.759->LEAK:growth
  bone descent (ceiling 547HU, excised 0 voxels in 0 components): 0.750->LEAK:growth
components=10 candidates=9 neck=2.0mm rejected: no_contact_patch=0 end_cap=1 aortic_continuation=0 too_short=0
  rejected end_cap: label=1 len=15.0mm r~6.9mm (100% of patch on the low end face)
instances=11 from 9 candidates (split_components=1 absorbed_narrow_pieces=2 instance_too_short=0)
  # 0 comp=6 len=15.0mm traced=9.9mm (max_length) ostium=(19.4,-170.6,-94.6) patch=133mm2 disagree=8.7mm r=7.25mm (dt=3.58 frontier=7.25 vesselness=4.81 MISMATCH) vness=1.3e-07 split=watershed shares=#2@0.8mm,#1@0.8mm
  # 1 comp=6 len=15.0mm traced=8.9mm (max_length) ostium=(10.6,-175.4,-97.8) patch=64mm2 disagree=7.6mm r=4.66mm (dt=1.57 frontier=4.66 vesselness=1.48 MISMATCH) vness=1.3e-07 split=watershed shares=#2@3.0mm,#0@0.8mm
  # 2 comp=6 len=15.0mm traced=9.7mm (max_length) ostium=(13.8,-161.8,-97.8) patch=138mm2 disagree=10.8mm r=7.70mm (dt=3.85 frontier=7.70 vesselness=6.66 MISMATCH) vness=1.3e-07 split=watershed shares=#0@0.8mm,#1@3.0mm
  # 3 comp=8 len=15.0mm traced=9.6mm (max_length) ostium=(0.2,-181.8,-14.6) patch=173mm2 disagree=3.1mm r=6.80mm (dt=4.98 frontier=6.80 vesselness=6.66) vness=2.2e-06
  # 4 comp=10 len=15.0mm traced=9.6mm (max_length) ostium=(12.2,-165.8,-1.0) patch=99mm2 disagree=4.7mm r=4.19mm (dt=3.06 frontier=4.19 vesselness=4.81) vness=2.5e-05
  # 5 comp=4 len=15.0mm traced=9.1mm (max_length) ostium=(-0.6,-153.0,-209.8) patch=50mm2 disagree=5.2mm r=3.17mm (dt=2.20 frontier=3.17 vesselness=3.33) vness=3.92e-05
  # 6 comp=5 len=15.0mm traced=9.5mm (max_length) ostium=(3.4,-147.4,-187.4) patch=54mm2 disagree=4.6mm r=2.97mm (dt=1.86 frontier=2.97 vesselness=2.22) vness=4.79e-05
  # 7 comp=9 len=15.0mm traced=9.6mm (max_length) ostium=(7.4,-174.6,-9.0) patch=30mm2 disagree=4.2mm r=3.05mm (dt=2.34 frontier=3.05 vesselness=3.33) vness=3.55e-05
  # 8 comp=2 len=14.9mm traced=9.3mm (max_length) ostium=(-17.4,-144.2,-232.2) patch=18mm2 disagree=3.3mm r=1.96mm (dt=1.61 frontier=1.96 vesselness=2.22) vness=5.49e-05
  # 9 comp=3 len=14.9mm traced=9.5mm (max_length) ostium=(3.4,-141.8,-229.8) patch=32mm2 disagree=1.9mm r=2.23mm (dt=1.62 frontier=2.23 vesselness=2.22) vness=6.32e-05
  #10 comp=7 len=15.0mm traced=8.9mm (max_length) ostium=(21.8,-157.0,-81.0) patch=40mm2 disagree=2.0mm r=1.46mm (dt=1.12 frontier=1.46 vesselness=1.48) vness=5.05e-05
timings: load_and_prepare_s=1.1s geometry_s=3.6s flood_s=7.6s candidates_s=3.8s parentage_s=0.1s tracing_s=0.3s
scoring: 11 instances, confidence threshold=0.50
  instance=  0 comp=6 confidence=0.57 status=KEPT
  instance=  1 comp=6 confidence=0.74 status=KEPT
  instance=  2 comp=6 confidence=0.59 status=KEPT
  instance=  3 comp=8 confidence=0.70 status=KEPT
  instance=  4 comp=10 confidence=0.83 status=KEPT
  instance=  5 comp=4 confidence=0.55 status=KEPT
  instance=  6 comp=5 confidence=0.62 status=KEPT
  instance=  7 comp=9 confidence=0.71 status=KEPT
  instance=  8 comp=2 confidence=0.89 status=KEPT
  instance=  9 comp=3 confidence=1.00 status=KEPT
  instance= 10 comp=7 confidence=1.00 status=KEPT
kept 11/11 as daughters
