  radius disagreement 64% on instance 6: distance transform 0.41mm vs frontier 1.14mm
lumen HU median=368 p25=351 p75=383 contrast_enhanced=True
components kept=1 dropped=0 caps=2 surface_points=12332
flood: T=151HU (0.409 x lumen ref 368HU) retries=12 leak=none growth=0.74 reached=7994
  search: 0.400->LEAK:growth 0.650->ok 0.525->ok 0.463->LEAK:growth 0.494->LEAK:growth 0.509->ok
  bone descent (ceiling 410HU, excised 17278 voxels in 5 components): 0.484->LEAK:growth 0.484(-6672bone)->ok 0.459(-6672bone)->ok 0.434(-6672bone)->LEAK:growth 0.434(-9568bone)->ok 0.409(-9568bone)->LEAK:growth 0.409(-17278bone)->ok
components=14 candidates=8 neck=2.0mm rejected: no_contact_patch=0 end_cap=0 aortic_continuation=1 too_short=5
  rejected aortic_continuation: label=2 len=14.8mm r~1.8mm (7deg from centerline)
instances=8 from 8 candidates (split_components=0 absorbed_narrow_pieces=0 instance_too_short=0)
  # 0 comp=12 len=15.0mm traced=9.1mm (max_length) ostium=(-5.8,12.7,1556.4) patch=128mm2 disagree=10.7mm r=4.96mm (dt=3.23 frontier=4.96 vesselness=3.33) vness=1.54e-05
  # 1 comp=11 len=15.0mm traced=9.5mm (max_length) ostium=(-7.4,7.9,1541.2) patch=58mm2 disagree=4.9mm r=3.34mm (dt=2.42 frontier=3.34 vesselness=2.22) vness=3.49e-05
  # 2 comp=8 len=15.0mm traced=9.0mm (max_length) ostium=(-3.4,10.3,1517.2) patch=61mm2 disagree=3.3mm r=2.98mm (dt=2.44 frontier=2.98 vesselness=2.22) vness=4.25e-05
  # 3 comp=9 len=15.0mm traced=9.3mm (max_length) ostium=(-15.4,8.7,1525.2) patch=60mm2 disagree=2.7mm r=2.85mm (dt=2.32 frontier=2.85 vesselness=2.22) vness=3.46e-05
  # 4 comp=1 len=15.0mm traced=8.5mm (max_length) ostium=(-1.8,-12.1,1462.0) patch=47mm2 disagree=8.2mm r=1.37mm (dt=1.02 frontier=1.37 vesselness=1.48) vness=0.000155
  # 5 comp=3 len=6.2mm traced=3.3mm (bifurcation@3.4mm) ostium=(-5.0,-1.7,1466.0) patch=25mm2 disagree=2.9mm r=1.69mm (dt=0.85 frontier=1.69 vesselness=1.48) vness=6.14e-07 seed<5mm
  # 6 comp=14 len=7.1mm traced=6.4mm (vessel_end) ostium=(-9.0,32.7,1580.4) patch=20mm2 disagree=1.5mm r=1.14mm (dt=0.41 frontier=1.14 MISMATCH) vness=0
  # 7 comp=5 len=8.8mm traced=7.4mm (vessel_end) ostium=(-11.4,1.5,1486.8) patch=18mm2 disagree=2.4mm r=0.90mm (dt=0.65 frontier=0.90 vesselness=1.48) vness=4.27e-05
timings: load_and_prepare_s=0.8s geometry_s=0.7s flood_s=4.3s candidates_s=3.8s parentage_s=0.1s tracing_s=1.1s
scoring: 8 instances, confidence threshold=0.50
  instance=  0 comp=12 confidence=0.38 status=BELOW_THRESHOLD (confidence 0.38 < 0.50)
  instance=  1 comp=11 confidence=0.47 status=BELOW_THRESHOLD (confidence 0.47 < 0.50)
  instance=  2 comp=8 confidence=0.89 status=KEPT
  instance=  3 comp=9 confidence=0.92 status=KEPT
  instance=  4 comp=1 confidence=0.49 status=BELOW_THRESHOLD (confidence 0.49 < 0.50)
  instance=  5 comp=3 confidence=0.00 status=VETOED (traced length 3.3mm < 5mm)
  instance=  6 comp=14 confidence=0.71 status=KEPT
  instance=  7 comp=5 confidence=0.67 status=KEPT
kept 4/8 as daughters
