  radius disagreement 89% on instance 0: distance transform 0.40mm vs frontier 3.68mm
  radius disagreement 100% on instance 4: distance transform 0.00mm vs frontier 1.78mm
lumen HU median=559 p25=543 p75=574 contrast_enhanced=True
components kept=1 dropped=0 caps=2 surface_points=8376
flood: T=168HU (0.300 x lumen ref 559HU) retries=1 leak=none growth=0.89 reached=12060
  search: 0.400->ok
  bone descent (ceiling 991HU, excised 0 voxels in 0 components): 0.300->ok
components=10 candidates=6 neck=2.0mm rejected: no_contact_patch=0 end_cap=1 aortic_continuation=1 too_short=2
  rejected end_cap: label=1 len=15.0mm r~8.5mm (94% of patch on the low end face)
  rejected aortic_continuation: label=2 len=14.7mm r~2.9mm (14deg from centerline)
instances=6 from 6 candidates (split_components=0 absorbed_narrow_pieces=2 instance_too_short=0)
  # 0 comp=9 len=15.0mm traced=9.0mm (max_length@11.9mm) ostium=(18.4,-181.5,303.6) patch=35mm2 disagree=3.5mm r=2.91mm (dt=0.40 frontier=3.68 MISMATCH) vness=1.21e-05
  # 1 comp=10 len=15.0mm traced=6.0mm (bifurcation@7.4mm) ostium=(4.0,-170.3,304.4) patch=13mm2 disagree=3.7mm r=1.06mm (dt=0.78 frontier=1.21 vesselness=1.48) vness=4e-06
  # 2 comp=3 len=15.0mm traced=8.2mm (max_length@13.9mm) ostium=(11.2,-167.1,257.2) patch=15mm2 disagree=2.4mm r=1.00mm (dt=0.55 frontier=0.81 vesselness=1.48) vness=1.47e-06
  # 3 comp=7 len=14.9mm traced=8.8mm (max_length) ostium=(5.6,-173.5,283.6) patch=19mm2 disagree=5.3mm r=1.69mm (dt=1.46 frontier=2.12 vesselness=1.48) vness=1.23e-05
  # 4 comp=8 len=14.9mm traced=7.9mm (max_length) ostium=(12.8,-168.7,281.2) patch=24mm2 disagree=2.0mm r=1.56mm (dt=0.00 frontier=1.78 MISMATCH) vness=1.04e-05
  # 5 comp=4 len=7.5mm traced=6.6mm (vessel_end) ostium=(5.6,-172.7,264.4) patch=4mm2 disagree=1.5mm r=0.49mm (dt=0.40 frontier=0.64 vesselness=1.48) vness=7.06e-06
timings: load_and_prepare_s=0.5s geometry_s=0.2s flood_s=1.0s candidates_s=0.9s parentage_s=0.0s tracing_s=0.2s
scoring: 6 instances, confidence threshold=0.50
  instance=  0 comp=9 confidence=0.56 status=KEPT
  instance=  1 comp=10 confidence=0.74 status=KEPT
  instance=  2 comp=3 confidence=0.45 status=BELOW_THRESHOLD (confidence 0.45 < 0.50)
  instance=  3 comp=7 confidence=0.50 status=BELOW_THRESHOLD (confidence 0.50 < 0.50)
  instance=  4 comp=8 confidence=0.71 status=KEPT
  instance=  5 comp=4 confidence=0.00 status=VETOED (radius 0.49mm < 0.70mm (1.0mm minimum less 0.3mm measurement-noise margin))
kept 3/6 as daughters
