  radius disagreement 59% on instance 3: distance transform 0.46mm vs frontier 1.11mm
lumen HU median=375 p25=356 p75=390 contrast_enhanced=True
components kept=1 dropped=3 caps=2 surface_points=5630
flood: T=154HU (0.409 x lumen ref 375HU) retries=12 leak=none growth=0.81 reached=8819
  search: 0.400->LEAK:growth 0.650->ok 0.525->ok 0.463->LEAK:growth 0.494->LEAK:growth 0.509->ok
  bone descent (ceiling 424HU, excised 7472 voxels in 5 components): 0.484->LEAK:growth 0.484(-2977bone)->ok 0.459(-2977bone)->LEAK:growth 0.459(-6291bone)->ok 0.434(-6291bone)->ok 0.409(-6291bone)->LEAK:growth 0.409(-7472bone)->ok
components=4 candidates=3 neck=2.0mm rejected: no_contact_patch=0 end_cap=1 aortic_continuation=0 too_short=0
  rejected end_cap: label=1 len=15.0mm r~9.1mm (61% of patch on the low end face)
instances=4 from 3 candidates (split_components=1 absorbed_narrow_pieces=0 instance_too_short=0)
  # 0 comp=3 len=15.0mm traced=9.1mm (max_length@12.4mm) ostium=(4.4,-144.7,260.7) patch=27mm2 disagree=2.9mm r=1.78mm (dt=1.12 frontier=1.78 vesselness=1.48) vness=5.27e-06
  # 1 comp=2 len=13.9mm traced=8.5mm (max_length) ostium=(10.8,-148.7,230.3) patch=15mm2 disagree=6.1mm r=1.56mm (dt=0.96 frontier=1.56 vesselness=1.48) vness=9.85e-06 split=disjoint_patches shares=#2@2.3mm
  # 2 comp=2 len=14.9mm traced=7.8mm (max_length) ostium=(6.0,-148.7,231.9) patch=19mm2 disagree=6.1mm r=1.54mm (dt=0.98 frontier=1.54 vesselness=1.48) vness=9.85e-06 split=disjoint_patches shares=#1@2.3mm
  # 3 comp=4 len=11.1mm traced=6.1mm (max_length) ostium=(9.2,-143.1,265.5) patch=22mm2 disagree=6.4mm r=1.11mm (dt=0.46 frontier=1.11 MISMATCH) vness=1.87e-08
timings: load_and_prepare_s=0.5s geometry_s=0.2s flood_s=0.8s candidates_s=0.4s parentage_s=0.0s tracing_s=0.1s
scoring: 4 instances, confidence threshold=0.50
  instance=  0 comp=3 confidence=0.78 status=KEPT
  instance=  1 comp=2 confidence=0.47 status=BELOW_THRESHOLD (confidence 0.47 < 0.50)
  instance=  2 comp=2 confidence=0.50 status=KEPT
  instance=  3 comp=4 confidence=0.15 status=BELOW_THRESHOLD (confidence 0.15 < 0.50)
kept 2/4 as daughters
